{
  "solver_success": true,
  "states": [
    {
      "case": "wt",
      "cacc_conductance_factor": 1.0,
      "coordinates": [
        18.082632569930297,
        110.23715407888736,
        8.267987002798545,
        7.050386275850041,
        1.3898795472368364,
        117.78486082429302,
        32.62315003933874,
        3.4494585486765477,
        6.679276618985265,
        0.1079203355543181
      ],
      "state_vector": [
        25.132681169144792,
        153.21636579984133,
        74.07854859955904,
        11.49150603200969,
        26.208736163482243,
        1.3898795472368364,
        12.71138170337636,
        3.5207012990843025,
        15.937375713057424,
        0.3722667240538841,
        0.2947072894032373,
        0.1079203355543181,
        1.0
      ],
      "rhs": [
        2.914335439641036e-15,
        4.6629367034256575e-15,
        8.1601392309949e-15,
        -5.273559366969494e-16,
        -8.326672684688674e-17,
        4.5018242605943115e-15,
        2.4619195571062846e-14,
        5.495603971894525e-15,
        2.930988785010413e-14,
        7.398595625041082e-16,
        3.7383290907300193e-16,
        -3.649424512586208e-16,
        0.0
      ],
      "observables": {
        "time_s": 600.0,
        "q_out_pL_s": 0.0015840671108636184,
        "na_i_mM": 18.082632569930297,
        "k_i_mM": 110.23715407888736,
        "cl_i_mM": 53.29853852935071,
        "tic_i_mM": 8.267987002798545,
        "hco3_i_mM": 7.430796764701045,
        "ph_i": 7.050386275850041,
        "volume_i_pL": 1.3898795472368364,
        "osm_lumen_mOsm": 301.5346947581828,
        "v_apical_V": -0.029598190456234855,
        "v_basolateral_V": -0.07910342370076742,
        "v_transepithelial_V": -0.04950523324453257,
        "nbc_activation": 1.0,
        "nbc_cycle_inward_fmol_s": 0.07168031498057573,
        "nbc_current_A": 6.9160989973670605e-12,
        "nhe1_multiplier": 2.3,
        "nhe1_inward_fmol_s": 0.006036202571081808,
        "nkcc1_cl_inward_fmol_s": 0.2987822162908899,
        "ae4_cl_inward_fmol_s": 0.07507244586422218,
        "ae2_cl_inward_signed_fmol_s": -0.0007480591962109982,
        "cacc_cl_export_fmol_s": 0.3731066029588929,
        "paracellular_cl_return_fmol_s": 0.1391759672648687,
        "nkcc1_cycle_inward_fmol_s": 0.14939110814544496,
        "nkcc1_activity_multiplier": 1.75,
        "nkcc1_x_i_mM4": 5662656.942608079,
        "nbc_hco3_inward_fmol_s": 0.14336062996115145,
        "pump_total_cycles_fmol_s": 0.0631904675883295,
        "ae4_na_cell_source_fmol_s": -0.03753622293211109,
        "ae4_k_cell_source_fmol_s": -0.03753622293211109,
        "ae4_na_branch_export_fmol_s": 0.03753622293211109,
        "ae4_k_branch_export_fmol_s": 0.03753622293211109,
        "ae4_tic_cell_source_fmol_s": -0.15014489172844436,
        "ae4_ta_cell_source_fmol_s": -0.15014489172844436,
        "ae2_positive_cl_loading_fmol_s": 0.0
      },
      "failures": [],
      "conservation_ratios": {
        "cell_bulk_charge_rate_fmol_s": 4.9960036108132044e-06,
        "lumen_bulk_charge_rate_minus_outflow_fmol_s": 4.215378046623641e-06,
        "carbon_accounting_fmol_s": 1.9081958235744878e-07,
        "buffer_site_accounting_fmol_s": 0.0,
        "water_volume_accounting_pL_s": 0.0,
        "homeostasis_charge_fmol_s": 7.806255641895632e-08,
        "ae4_charge_fmol_s": 0.0,
        "apical_current_A": 4.52364397489937e-06,
        "basolateral_current_A": 6.462348535570529e-07,
        "cell_speciation_alkalinity_mM": 0.0,
        "lumen_speciation_alkalinity_mM": 3.9968028886505635e-05
      },
      "solver_success": true,
      "solver_message": "The solution converged.",
      "max_abs_scaled_residual": 1.4654943925052066e-12,
      "actual_residual_calls": 14,
      "root_calls": 1,
      "solver_options": {
        "xtol": 1e-10,
        "maxfev": 1000,
        "factor": 0.1,
        "eps": 1e-08
      }
    },
    {
      "case": "ae4_null",
      "cacc_conductance_factor": 0.08140756971327436,
      "coordinates": [
        11.687876340902008,
        123.1532564209144,
        19.2516402678163,
        7.319138816569896,
        1.8525621578064124,
        127.31712610555726,
        22.90179103630653,
        5.066397220458265,
        6.716791380245774,
        0.1055442348880227
      ],
      "state_vector": [
        21.65251741427594,
        228.1490624560156,
        117.79220560021163,
        35.66486023585858,
        53.94761206413511,
        1.8525621578064124,
        13.437588662952942,
        2.417152012492349,
        15.42396532863094,
        0.5347290182720724,
        0.43077534681435137,
        0.1055442348880227,
        1.0
      ],
      "rhs": [
        -3.3584246494910985e-15,
        -4.246603069191224e-15,
        -7.716050021144838e-15,
        -5.0415401020575956e-17,
        3.286216784803564e-16,
        -1.444157293750692e-16,
        -6.38378239159465e-16,
        5.273559366969494e-16,
        -2.220446049250313e-16,
        1.1275702593849246e-17,
        -1.1015494072452725e-16,
        1.1470858984896637e-16,
        0.0
      ],
      "observables": {
        "time_s": 600.0,
        "q_out_pL_s": 0.0011088469776045385,
        "na_i_mM": 11.687876340902008,
        "k_i_mM": 123.1532564209144,
        "cl_i_mM": 63.58340264257983,
        "tic_i_mM": 19.2516402678163,
        "hco3_i_mM": 18.137616682134205,
        "ph_i": 7.319138816569896,
        "volume_i_pL": 1.8525621578064124,
        "osm_lumen_mOsm": 301.42276417182626,
        "v_apical_V": -0.04335480072494695,
        "v_basolateral_V": -0.08173539025673279,
        "v_transepithelial_V": -0.038380589531785844,
        "nbc_activation": 1.0,
        "nbc_cycle_inward_fmol_s": 9.010477977233349e-05,
        "nbc_current_A": 8.693789601933054e-15,
        "nhe1_multiplier": 2.3,
        "nhe1_inward_fmol_s": 0.0008412740052283379,
        "nkcc1_cl_inward_fmol_s": 0.2706480107621913,
        "ae4_cl_inward_fmol_s": 0.0,
        "ae2_cl_inward_signed_fmol_s": 0.0010214835647726762,
        "cacc_cl_export_fmol_s": 0.2716694943269717,
        "paracellular_cl_return_fmol_s": 0.10962542479086823,
        "nkcc1_cycle_inward_fmol_s": 0.13532400538109565,
        "nkcc1_activity_multiplier": 1.75,
        "nkcc1_x_i_mM4": 5819277.111941676,
        "nbc_hco3_inward_fmol_s": 0.00018020955954466697,
        "pump_total_cycles_fmol_s": 0.0454184613886999,
        "ae4_na_cell_source_fmol_s": 0.0,
        "ae4_k_cell_source_fmol_s": 0.0,
        "ae4_na_branch_export_fmol_s": -0.0,
        "ae4_k_branch_export_fmol_s": -0.0,
        "ae4_tic_cell_source_fmol_s": 0.0,
        "ae4_ta_cell_source_fmol_s": 0.0,
        "ae2_positive_cl_loading_fmol_s": 0.0010214835647726762
      },
      "failures": [
        {
          "gate": "ph_i",
          "value": 7.319138816569896,
          "lower": 6.6,
          "upper": 7.3,
          "inclusive": true
        }
      ],
      "conservation_ratios": {
        "cell_bulk_charge_rate_fmol_s": 2.1759937601784074e-06,
        "lumen_bulk_charge_rate_minus_outflow_fmol_s": 2.194425197110661e-06,
        "carbon_accounting_fmol_s": 1.0842021724855044e-09,
        "buffer_site_accounting_fmol_s": 0.0,
        "water_volume_accounting_pL_s": 0.0,
        "homeostasis_charge_fmol_s": 3.686287386450715e-08,
        "ae4_charge_fmol_s": 0.0,
        "apical_current_A": 1.6155871338926322e-06,
        "basolateral_current_A": 6.462348535570529e-07,
        "cell_speciation_alkalinity_mM": 0.0,
        "lumen_speciation_alkalinity_mM": 0.00011546319456101627
      },
      "solver_success": true,
      "solver_message": "The solution converged.",
      "max_abs_scaled_residual": 1.5432100042289676e-13,
      "actual_residual_calls": 15,
      "root_calls": 1,
      "solver_options": {
        "xtol": 1e-10,
        "maxfev": 1000,
        "factor": 0.1,
        "eps": 1e-08
      }
    }
  ],
  "constraints": {
    "null_sustained_deficit": 0.3
  },
  "null_stimulated_cacc_fraction": 0.08140756971327436,
  "root_calls": 2,
  "actual_residual_calls": 29,
  "production_trajectories_run": 0,
  "wall_seconds": 0.03757980500085978
}
