{
  "attempts": [
    {
      "attempt": 1,
      "global_attempt": 1,
      "initial_state_sha256": "97833db671bc35061513611de638de4a18445f36b72c869dda20d9358667e753",
      "last_solver_time_s": 191.20845309726883,
      "nfev": 901,
      "njev": 2,
      "nlu": 186,
      "solver": {
        "amount_atol_fmol": 1e-10,
        "label": "production_radau",
        "max_step_s": 2.0,
        "method": "Radau",
        "regulatory_atol_fraction": 1e-10,
        "rtol": 1e-07,
        "volume_atol_pL": 1e-12
      },
      "solver_status": "running",
      "stopped_by_scientific_gate": true
    }
  ],
  "budget": {
    "blas_threads": 1,
    "class_id": "C2",
    "completed_cases": [],
    "genotype_rest_solves": 0,
    "integration_attempts": 1,
    "limits_respected": true,
    "no_further_scientific_execution": false,
    "numerical_execution_seconds": 1.563271617999817,
    "numerical_retries": 0,
    "optimisation_calls": 0,
    "parameter_sweeps": 0,
    "source_tests_pass": true,
    "started_cases": [
      "wt"
    ],
    "stationary_numerical_retries": 0,
    "stationary_residual_evaluations": 138,
    "stationary_solves": 1,
    "status": "TASK42_SOURCE_CLASS_WT_FAILED",
    "workers": 1,
    "wt_rest_pass": true
  },
  "case": "wt",
  "chloride_partition": null,
  "error": null,
  "first_failure": {
    "conservation_residuals": {
      "ae4_charge_fmol_s": 0.0,
      "apical_current_A": -1.6802106192483375e-25,
      "basolateral_current_A": -3.2311742677852644e-26,
      "buffer_site_accounting_fmol_s": 0.0,
      "carbon_accounting_fmol_s": -6.938893903907228e-18,
      "cell_bulk_charge_rate_fmol_s": 1.9984014443252818e-15,
      "cell_speciation_alkalinity_mM": -6.750155989720952e-14,
      "homeostasis_charge_fmol_s": -6.938893903907228e-18,
      "lumen_bulk_charge_rate_minus_outflow_fmol_s": -1.7182436029550274e-15,
      "lumen_speciation_alkalinity_mM": 5.329070518200751e-15,
      "minimal_nbc_carbon_source_fmol_s": 0.109130112146949,
      "minimal_nbc_charge_source_fmol_s": -0.0545650560734745,
      "water_volume_accounting_pL_s": 0.0
    },
    "failed_gates": [
      {
        "gate": "ph_i",
        "inclusive": true,
        "lower": 6.6,
        "upper": 7.3,
        "value": 6.599268222482957
      }
    ],
    "observables": {
      "ae2_cl_inward_signed_fmol_s": -0.0004082632770960438,
      "ae4_charge_residual_fmol_s": 0.0,
      "ae4_cl_inward_fmol_s": 0.08850937768724622,
      "ae4_cl_source_fmol_s": 0.08850937768724622,
      "ae4_co3_cell_source_fmol_s": -0.08850937768724622,
      "ae4_hco3_cell_source_fmol_s": 0.0,
      "ae4_k_cell_source_fmol_s": -0.17701875537449244,
      "ae4_na_cell_source_fmol_s": 0.08850937768724622,
      "ae4_ta_cell_source_fmol_s": -0.17701875537449244,
      "ae4_tic_cell_source_fmol_s": -0.08850937768724622,
      "cacc_cl_export_fmol_s": 0.33651913277346956,
      "cell_balance_residual_fmol_s": 1.3877787807814457e-17,
      "cl_i_mM": 50.90565385051708,
      "co3_i_mM": 0.0016225851668600125,
      "hco3_i_mM": 8.145903838839638,
      "k_i_mM": 98.27546343947019,
      "na_i_mM": 25.550805122287894,
      "nbc_activation": 1.0,
      "nbc_current_A": 5.26472755739561e-12,
      "nbc_cycle_inward_fmol_s": 0.0545650560734745,
      "nbc_hco3_inward_fmol_s": 0.109130112146949,
      "nhe1_inward_fmol_s": 0.04070739964671168,
      "nhe1_multiplier": 2.3,
      "nkcc1_activity_multiplier": 1.75,
      "nkcc1_cl_inward_fmol_s": 0.1614934260296992,
      "nkcc1_cycle_inward_fmol_s": 0.0807467130148496,
      "nkcc1_x_i_mM4": 6507013.836186682,
      "osm_lumen_mOsm": 301.4827491353173,
      "paracellular_cl_return_fmol_s": 0.12930170251092038,
      "ph_i": 6.599268222482957,
      "pump_total_cycles_fmol_s": 0.06969602420835508,
      "q_out_pL_s": 0.0014245207614341894,
      "source_signature_residual_fmol_s": 0.0,
      "tic_i_mM": 10.727831498711089,
      "time_s": 190.0,
      "v_apical_V": -0.030396349915436154,
      "v_basolateral_V": -0.07628874748799373,
      "v_transepithelial_V": -0.04589239757255758,
      "volume_i_pL": 1.3369097644299723
    },
    "previous_checked_pass_time_s": 189.20845309726883,
    "rhs": [
      0.05544047379721678,
      -0.16913804643457067,
      -0.08692459233362017,
      -0.010314434835649769,
      -0.02677298030373572,
      -0.0007005086049832824,
      0.002895620338752042,
      -0.004134910599135892,
      -0.0015987162810035538,
      0.0007642730526691774,
      0.00035942602062077975,
      -6.784037803854578e-06,
      5.920345356127769e-05
    ],
    "sample_kind": "one_second_dense_output",
    "state_vector": [
      34.15912085703404,
      131.38542667610844,
      68.05626569744851,
      14.342142681786278,
      19.4265196297493,
      1.3369097644299723,
      12.932392341994753,
      3.0963283435636417,
      15.702775235233776,
      0.5641211695271352,
      0.325945450324668,
      0.10712260380717095,
      0.9982238963931617
    ],
    "time_s": 190.0
  },
  "secretion": null,
  "status": "TASK42_SOURCE_CLASS_WT_FAILED"
}
