{
  "solver_success": true,
  "solver_message": "The solution converged.",
  "max_abs_scaled_residual": 3.2342600819745826e-10,
  "ph_half": 7.270671342386136,
  "width_ph": 0.02,
  "constraints": {
    "null_sustained_flow_deficit": 0.3
  },
  "states": [
    {
      "case": "wt",
      "coordinates": [
        18.082613723025922,
        110.2371804398803,
        8.267989112250369,
        7.050386366803202,
        1.3898799913540019,
        117.78487920963576,
        32.62313150435283,
        3.44946026515729,
        6.679276815206297,
        0.1079203313199001
      ],
      "state_vector": [
        25.132663005017022,
        153.21645139667038,
        74.0786083054187,
        11.491512635849524,
        26.208743890323863,
        1.3898799913540019,
        12.711383188778305,
        3.5206991606424283,
        15.937374897109825,
        0.3722668946906052,
        0.29470745231090684,
        0.1079203313199001,
        1.0
      ],
      "rhs": [
        2.123301534595612e-15,
        3.2612801348363973e-15,
        5.495603971894525e-15,
        -1.942890293094024e-16,
        -1.0269562977782698e-15,
        1.3379054808471125e-15,
        2.7172708527700706e-14,
        6.356026815979021e-15,
        3.3306690738754696e-14,
        8.283304597789254e-16,
        1.4025239303272485e-15,
        -1.1731067506293158e-16,
        0.0
      ],
      "observables": {
        "time_s": 600.0,
        "q_out_pL_s": 0.0015840662639800191,
        "na_i_mM": 18.082613723025922,
        "k_i_mM": 110.2371804398803,
        "cl_i_mM": 53.298564456095484,
        "tic_i_mM": 8.267989112250369,
        "hco3_i_mM": 7.430798816559198,
        "ph_i": 7.050386366803202,
        "volume_i_pL": 1.3898799913540019,
        "osm_lumen_mOsm": 301.5346945587128,
        "v_apical_V": -0.029598214921105644,
        "v_basolateral_V": -0.07910343187188473,
        "v_transepithelial_V": -0.049505216950779085,
        "nbc_activation": 1.0,
        "nbc_cycle_inward_fmol_s": 0.07168032155050415,
        "nbc_current_A": 6.916099631268786e-12,
        "nhe1_multiplier": 2.3,
        "nhe1_inward_fmol_s": 0.006036201910340272,
        "nkcc1_cl_inward_fmol_s": 0.29878203939848186,
        "ae4_cl_inward_fmol_s": 0.07507245236078924,
        "ae2_cl_inward_signed_fmol_s": -0.0007480597102288949,
        "cacc_cl_export_fmol_s": 0.3731064320490367,
        "paracellular_cl_return_fmol_s": 0.13917592421837685,
        "nkcc1_cycle_inward_fmol_s": 0.14939101969924093,
        "nkcc1_activity_multiplier": 1.75,
        "nkcc1_x_i_mM4": 5662657.903850733,
        "nbc_hco3_inward_fmol_s": 0.1433606431010083,
        "pump_total_cycles_fmol_s": 0.06319043899322953,
        "ae4_na_cell_source_fmol_s": -0.03753622618039462,
        "ae4_k_cell_source_fmol_s": -0.03753622618039462,
        "ae4_na_branch_export_fmol_s": 0.03753622618039462,
        "ae4_k_branch_export_fmol_s": 0.03753622618039462,
        "ae4_tic_cell_source_fmol_s": -0.1501449047215785,
        "ae4_ta_cell_source_fmol_s": -0.1501449047215785,
        "ae2_positive_cl_loading_fmol_s": 0.0
      },
      "failures": [],
      "cacc_conductance_factor": 0.9999835348617311,
      "conservation_ratios": {
        "cell_bulk_charge_rate_fmol_s": 9.159339953157541e-06,
        "lumen_bulk_charge_rate_minus_outflow_fmol_s": 1.1830814106161824e-05,
        "carbon_accounting_fmol_s": 2.5153490401663703e-07,
        "buffer_site_accounting_fmol_s": 0.0,
        "water_volume_accounting_pL_s": 0.0,
        "homeostasis_charge_fmol_s": 1.734723475976807e-08,
        "ae4_charge_fmol_s": 0.0,
        "apical_current_A": 1.0985992510469899e-05,
        "basolateral_current_A": 1.9387045606711586e-06,
        "cell_speciation_alkalinity_mM": 0.0,
        "lumen_speciation_alkalinity_mM": 3.863576125695545e-05
      }
    },
    {
      "case": "ae4_null",
      "coordinates": [
        11.687871517131413,
        123.15326534923986,
        19.251642868250862,
        7.319138864347701,
        1.8525626363607934,
        127.3171390785971,
        22.901777952337024,
        5.066399592319309,
        6.716791586986596,
        0.10554423192392381
      ],
      "state_vector": [
        21.652514071223198,
        228.14913793182814,
        117.79226354888054,
        35.664874266283284,
        53.94762624822594,
        1.8525626363607934,
        13.437589654801915,
        2.417150563671664,
        15.423964642099746,
        0.5347292535910222,
        0.4307755763738315,
        0.10554423192392381,
        1.0
      ],
      "rhs": [
        -4.831163247231984e-12,
        1.842137553609291e-12,
        -2.8401170304448442e-12,
        -1.4157216523223715e-13,
        -1.4875337832169488e-13,
        2.0190012856025064e-15,
        -4.952149801340511e-13,
        -5.838631661481131e-12,
        -6.468520163949165e-12,
        1.3961141270835142e-13,
        1.34781942551232e-13,
        -2.90132501357121e-16,
        0.0
      ],
      "observables": {
        "time_s": 600.0,
        "q_out_pL_s": 0.001108846384784762,
        "na_i_mM": 11.687871517131414,
        "k_i_mM": 123.15326534923986,
        "cl_i_mM": 63.583417497976605,
        "tic_i_mM": 19.251642868250862,
        "hco3_i_mM": 18.137619243626304,
        "ph_i": 7.319138864347701,
        "volume_i_pL": 1.8525626363607934,
        "osm_lumen_mOsm": 301.4227640321969,
        "v_apical_V": -0.04335481942925968,
        "v_basolateral_V": -0.08173539374535556,
        "v_transepithelial_V": -0.03838057431609588,
        "nbc_activation": 1.0,
        "nbc_cycle_inward_fmol_s": 9.010476446166681e-05,
        "nbc_current_A": 8.693788124678297e-15,
        "nhe1_multiplier": 2.3,
        "nhe1_inward_fmol_s": 0.0008412738143155671,
        "nkcc1_cl_inward_fmol_s": 0.27064788111681304,
        "ae4_cl_inward_fmol_s": 0.0,
        "ae2_cl_inward_signed_fmol_s": 0.0010214833433876541,
        "cacc_cl_export_fmol_s": 0.2716693644630408,
        "paracellular_cl_return_fmol_s": 0.1096253842284291,
        "nkcc1_cycle_inward_fmol_s": 0.13532394055840652,
        "nkcc1_activity_multiplier": 1.75,
        "nkcc1_x_i_mM4": 5819277.851307513,
        "nbc_hco3_inward_fmol_s": 0.00018020952892333362,
        "pump_total_cycles_fmol_s": 0.04541843971400497,
        "ae4_na_cell_source_fmol_s": 0.0,
        "ae4_k_cell_source_fmol_s": 0.0,
        "ae4_na_branch_export_fmol_s": -0.0,
        "ae4_k_branch_export_fmol_s": -0.0,
        "ae4_tic_cell_source_fmol_s": 0.0,
        "ae4_ta_cell_source_fmol_s": 0.0,
        "ae2_positive_cl_loading_fmol_s": 0.0010214833433876541
      },
      "failures": [
        {
          "gate": "ph_i",
          "value": 7.319138864347701,
          "lower": 6.6,
          "upper": 7.3,
          "inclusive": true
        }
      ],
      "cacc_conductance_factor": 0.08140743290903923,
      "conservation_ratios": {
        "cell_bulk_charge_rate_fmol_s": 1.5528485615423637e-06,
        "lumen_bulk_charge_rate_minus_outflow_fmol_s": 1.0495077029659683e-06,
        "carbon_accounting_fmol_s": 3.5236570605778894e-09,
        "buffer_site_accounting_fmol_s": 0.0,
        "water_volume_accounting_pL_s": 0.0,
        "homeostasis_charge_fmol_s": 1.9190378452993428e-07,
        "ae4_charge_fmol_s": 0.0,
        "apical_current_A": 9.693522803355793e-07,
        "basolateral_current_A": 2.261821987449685e-06,
        "cell_speciation_alkalinity_mM": 0.0,
        "lumen_speciation_alkalinity_mM": 0.00011546319456101627
      }
    }
  ],
  "root_calls": 1,
  "actual_residual_calls": 64,
  "solver_options": {
    "xtol": 1e-10,
    "maxfev": 2500,
    "factor": 0.1,
    "eps": 1e-08
  },
  "production_trajectories_run": 0,
  "wall_seconds": 0.14359368999794242
}
