{
  "attempts": [
    {
      "attempt": 1,
      "global_attempt": 1,
      "initial_state_sha256": "b6a2193fc2bd9a5298dbbfbf647b9059417a89b99753f237eda37231bf19bd11",
      "last_solver_time_s": 317.2454425459284,
      "nfev": 1342,
      "njev": 2,
      "nlu": 310,
      "solver": {
        "amount_atol_fmol": 1e-10,
        "label": "production_radau",
        "max_step_s": 2.0,
        "method": "Radau",
        "regulatory_atol_fraction": 1e-10,
        "rtol": 1e-07,
        "volume_atol_pL": 1e-12
      },
      "solver_status": "running",
      "stopped_by_scientific_gate": true
    }
  ],
  "budget": {
    "blas_threads": 1,
    "class_id": "C4b",
    "completed_cases": [],
    "genotype_rest_solves": 0,
    "integration_attempts": 1,
    "limits_respected": true,
    "no_further_scientific_execution": false,
    "numerical_execution_seconds": 1.7249473819993,
    "numerical_retries": 0,
    "optimisation_calls": 0,
    "parameter_sweeps": 0,
    "source_tests_pass": true,
    "started_cases": [
      "wt"
    ],
    "stationary_numerical_retries": 0,
    "stationary_residual_evaluations": 79,
    "stationary_solves": 1,
    "status": "TASK42_SOURCE_CLASS_WT_FAILED",
    "workers": 1,
    "wt_rest_pass": true
  },
  "case": "wt",
  "chloride_partition": null,
  "error": null,
  "first_failure": {
    "conservation_residuals": {
      "ae4_charge_fmol_s": 0.0,
      "apical_current_A": -7.754818242684634e-26,
      "basolateral_current_A": 0.0,
      "buffer_site_accounting_fmol_s": 0.0,
      "carbon_accounting_fmol_s": -2.6020852139652106e-18,
      "cell_bulk_charge_rate_fmol_s": 7.494005416219807e-16,
      "cell_speciation_alkalinity_mM": -5.329070518200751e-15,
      "homeostasis_charge_fmol_s": -1.3877787807814457e-17,
      "lumen_bulk_charge_rate_minus_outflow_fmol_s": -7.624109676918067e-16,
      "lumen_speciation_alkalinity_mM": -8.881784197001252e-16,
      "minimal_nbc_carbon_source_fmol_s": 0.13045202039941106,
      "minimal_nbc_charge_source_fmol_s": -0.06522601019970553,
      "water_volume_accounting_pL_s": 0.0
    },
    "failed_gates": [
      {
        "gate": "ph_i",
        "inclusive": true,
        "lower": 6.6,
        "upper": 7.3,
        "value": 6.599990654524135
      }
    ],
    "observables": {
      "ae2_cl_inward_signed_fmol_s": -0.0005140116582813209,
      "ae4_charge_residual_fmol_s": 0.0,
      "ae4_cl_inward_fmol_s": 0.09351394741116056,
      "ae4_cl_source_fmol_s": 0.09351394741116056,
      "ae4_co3_cell_source_fmol_s": -0.09351394741116056,
      "ae4_hco3_cell_source_fmol_s": 0.0,
      "ae4_k_cell_source_fmol_s": 0.0,
      "ae4_na_cell_source_fmol_s": -0.09351394741116056,
      "ae4_ta_cell_source_fmol_s": -0.18702789482232113,
      "ae4_tic_cell_source_fmol_s": -0.09351394741116056,
      "cacc_cl_export_fmol_s": 0.39670812907668374,
      "cell_balance_residual_fmol_s": 2.7755575615628914e-17,
      "cl_i_mM": 58.82560220031644,
      "co3_i_mM": 0.0017997061554834162,
      "hco3_i_mM": 9.020091593125445,
      "k_i_mM": 111.49754850859557,
      "na_i_mM": 14.724074872193027,
      "nbc_activation": 1.0,
      "nbc_current_A": 6.293353256981096e-12,
      "nbc_cycle_inward_fmol_s": 0.06522601019970553,
      "nbc_hco3_inward_fmol_s": 0.13045202039941106,
      "nhe1_inward_fmol_s": 0.051921994076116355,
      "nhe1_multiplier": 2.3,
      "nkcc1_activity_multiplier": 1.75,
      "nkcc1_cl_inward_fmol_s": 0.2954131411959868,
      "nkcc1_cycle_inward_fmol_s": 0.1477065705979934,
      "nkcc1_x_i_mM4": 5681017.137434757,
      "osm_lumen_mOsm": 301.5637379986852,
      "paracellular_cl_return_fmol_s": 0.14490657411876376,
      "ph_i": 6.599990654524135,
      "pump_total_cycles_fmol_s": 0.056256529260166166,
      "q_out_pL_s": 0.0017131383738977048,
      "source_signature_residual_fmol_s": 0.0,
      "tic_i_mM": 11.874356093868359,
      "time_s": 317.0,
      "v_apical_V": -0.026999158798491314,
      "v_basolateral_V": -0.07882734740344616,
      "v_transepithelial_V": -0.05182818860495485,
      "volume_i_pL": 1.4836436084917515
    },
    "previous_checked_pass_time_s": 316.0,
    "rhs": [
      0.0025710396821562176,
      -0.015005960498485543,
      -0.008295052127817698,
      -3.152390746505307e-05,
      -0.004139868688512377,
      -6.892017784205801e-05,
      0.00017483980538066102,
      -0.00029711390805958054,
      -0.00013881784433489308,
      0.00012931635976258255,
      1.6543741656016055e-05,
      -4.294559163692518e-07,
      8.586847158616647e-07
    ],
    "sample_kind": "one_second_dense_output",
    "state_vector": [
      21.845279575083186,
      165.42262520727684,
      87.2762287201778,
      17.61731252362287,
      21.929913856237295,
      1.4836436084917515,
      12.348064593921746,
      3.8899751425589253,
      15.96606631424796,
      0.5353698078477935,
      0.2719734222327555,
      0.10856569186948853,
      0.9999742394585242
    ],
    "time_s": 317.0
  },
  "secretion": null,
  "status": "TASK42_SOURCE_CLASS_WT_FAILED"
}
