{
  "attempts": [
    {
      "attempt": 1,
      "global_attempt": 2,
      "initial_state_sha256": "ac9fcef32fd918fcf8d75fa3a3abaf119c089af1aeccc476cd02ff74ceb30d2b",
      "last_solver_time_s": 600.0,
      "nfev": 2336,
      "njev": 2,
      "nlu": 594,
      "solver": {
        "amount_atol_fmol": 1e-10,
        "label": "production_radau",
        "max_step_s": 2.0,
        "method": "Radau",
        "regulatory_atol_fraction": 1e-10,
        "rtol": 1e-07,
        "volume_atol_pL": 1e-12
      },
      "solver_status": "finished",
      "stopped_by_scientific_gate": false,
      "wall_seconds": 1.6826084149997769
    }
  ],
  "budget": {
    "blas_threads": 1,
    "class_id": "C4a",
    "completed_cases": [
      "ae4_5pct"
    ],
    "genotype_rest_solves": 0,
    "integration_attempts": 2,
    "limits_respected": true,
    "no_further_scientific_execution": false,
    "numerical_execution_seconds": 3.6465194319998773,
    "numerical_retries": 0,
    "optimisation_calls": 0,
    "parameter_sweeps": 0,
    "source_tests_pass": true,
    "started_cases": [
      "wt",
      "ae4_5pct"
    ],
    "stationary_numerical_retries": 0,
    "stationary_residual_evaluations": 75,
    "stationary_solves": 1,
    "status": "AE4_5PCT_PASS",
    "workers": 1,
    "wt_rest_pass": true
  },
  "case": "ae4_5pct",
  "chloride_partition": {
    "definition": "Integrate max(J_Cl,0) for NKCC1, AE4 and AE2 separately, then normalize their sum.",
    "nkcc1_context_band": [
      0.65,
      0.75
    ],
    "nkcc1_within_context": false,
    "positive_loading_pool_fmol": 192.44905630620175,
    "positive_shares": {
      "ae2": 0.0023356687273545684,
      "ae4": 0.022465170605366958,
      "nkcc1": 0.9751991606672785
    },
    "validation_only": true,
    "window_s": [
      60,
      600
    ]
  },
  "error": null,
  "first_failure": null,
  "secretion": {
    "activation_checks": {
      "cumulative_0_600_gt_1p10_rest": true,
      "endpoint_at_least_rest": true,
      "mean_60_600_gt_1p10_rest": true
    },
    "activation_required": false,
    "cumulative_0_600_pL": 0.9491450627610526,
    "endpoint_pL_s": 0.0015474275578280046,
    "mean_60_600_pL_s": 0.001560671236141198,
    "q_rest_pL_s": 0.0010734206694912958,
    "quadrature": "Trapezoidal on integer seconds plus t=0 and 1e-6; identical to Tasks 37-38."
  },
  "status": "PASS"
}
