{
  "attempts": [
    {
      "attempt": 1,
      "global_attempt": 1,
      "initial_state_sha256": "ac9fcef32fd918fcf8d75fa3a3abaf119c089af1aeccc476cd02ff74ceb30d2b",
      "last_solver_time_s": 223.23520532005804,
      "nfev": 1013,
      "njev": 2,
      "nlu": 216,
      "solver": {
        "amount_atol_fmol": 1e-10,
        "label": "production_radau",
        "max_step_s": 2.0,
        "method": "Radau",
        "regulatory_atol_fraction": 1e-10,
        "rtol": 1e-07,
        "volume_atol_pL": 1e-12
      },
      "solver_status": "running",
      "stopped_by_scientific_gate": true
    }
  ],
  "budget": {
    "blas_threads": 1,
    "class_id": "C4a",
    "completed_cases": [],
    "genotype_rest_solves": 0,
    "integration_attempts": 1,
    "limits_respected": true,
    "no_further_scientific_execution": false,
    "numerical_execution_seconds": 1.5672841940004218,
    "numerical_retries": 0,
    "optimisation_calls": 0,
    "parameter_sweeps": 0,
    "source_tests_pass": true,
    "started_cases": [
      "wt"
    ],
    "stationary_numerical_retries": 0,
    "stationary_residual_evaluations": 75,
    "stationary_solves": 1,
    "status": "TASK42_SOURCE_CLASS_WT_FAILED",
    "workers": 1,
    "wt_rest_pass": true
  },
  "case": "wt",
  "chloride_partition": null,
  "error": null,
  "first_failure": {
    "conservation_residuals": {
      "ae4_charge_fmol_s": 0.0,
      "apical_current_A": -5.169878828456423e-26,
      "basolateral_current_A": 1.2924697071141057e-26,
      "buffer_site_accounting_fmol_s": 0.0,
      "carbon_accounting_fmol_s": 0.0,
      "cell_bulk_charge_rate_fmol_s": 4.0245584642661925e-16,
      "cell_speciation_alkalinity_mM": -8.881784197001252e-15,
      "homeostasis_charge_fmol_s": -6.938893903907228e-18,
      "lumen_bulk_charge_rate_minus_outflow_fmol_s": -5.741934705483231e-16,
      "lumen_speciation_alkalinity_mM": -8.881784197001252e-16,
      "minimal_nbc_carbon_source_fmol_s": 0.11934633808304597,
      "minimal_nbc_charge_source_fmol_s": -0.059673169041522985,
      "water_volume_accounting_pL_s": 0.0
    },
    "failed_gates": [
      {
        "gate": "ph_i",
        "inclusive": true,
        "lower": 6.6,
        "upper": 7.3,
        "value": 6.599930763395106
      }
    ],
    "observables": {
      "ae2_cl_inward_signed_fmol_s": -0.0004561896976380516,
      "ae4_charge_residual_fmol_s": 0.0,
      "ae4_cl_inward_fmol_s": 0.09127812466292647,
      "ae4_cl_source_fmol_s": 0.09127812466292647,
      "ae4_co3_cell_source_fmol_s": -0.09127812466292647,
      "ae4_hco3_cell_source_fmol_s": 0.0,
      "ae4_k_cell_source_fmol_s": -0.09127812466292647,
      "ae4_na_cell_source_fmol_s": 0.0,
      "ae4_ta_cell_source_fmol_s": -0.18255624932585293,
      "ae4_tic_cell_source_fmol_s": -0.09127812466292647,
      "cacc_cl_export_fmol_s": 0.3649524826755297,
      "cell_balance_residual_fmol_s": 2.7755575615628914e-17,
      "cl_i_mM": 54.13865880147496,
      "co3_i_mM": 0.0016952083851268461,
      "hco3_i_mM": 8.497522603682421,
      "k_i_mM": 104.99011215824885,
      "na_i_mM": 19.816716129578904,
      "nbc_activation": 1.0,
      "nbc_current_A": 5.7575855336242474e-12,
      "nbc_cycle_inward_fmol_s": 0.059673169041522985,
      "nbc_hco3_inward_fmol_s": 0.11934633808304597,
      "nhe1_inward_fmol_s": 0.045965314811440984,
      "nhe1_multiplier": 2.3,
      "nkcc1_activity_multiplier": 1.75,
      "nkcc1_cl_inward_fmol_s": 0.22374846673027785,
      "nkcc1_cycle_inward_fmol_s": 0.11187423336513892,
      "nkcc1_x_i_mM4": 6098107.45961946,
      "osm_lumen_mOsm": 301.52071283486686,
      "paracellular_cl_return_fmol_s": 0.136757945425611,
      "ph_i": 6.599930763395106,
      "pump_total_cycles_fmol_s": 0.06546494757527374,
      "q_out_pL_s": 0.00155948427586875,
      "source_signature_residual_fmol_s": 0.0,
      "tic_i_mM": 11.186798830253155,
      "time_s": 222.0,
      "v_apical_V": -0.028975106884320267,
      "v_basolateral_V": -0.0777006265984727,
      "v_transepithelial_V": -0.04872551971415243,
      "volume_i_pL": 1.3930631015438504
    },
    "previous_checked_pass_time_s": 221.23520532005804,
    "rhs": [
      0.02111787449228167,
      -0.08828836220597264,
      -0.05038208097996347,
      -0.0052753399334311,
      -0.016788406733727904,
      -0.00040785116949207476,
      0.001397870184544292,
      -0.002038069288158424,
      -0.0007868653284581473,
      0.00044319798886884726,
      0.00014666622484379305,
      -3.2155114149745936e-06,
      2.0375092774893576e-05
    ],
    "sample_kind": "one_second_dense_output",
    "state_vector": [
      27.605936033885236,
      146.25785127460685,
      75.41856794340698,
      15.583916674819577,
      20.38345715914031,
      1.3930631015438504,
      12.679088907060569,
      3.448536813122034,
      15.828056187372466,
      0.5474734285051756,
      0.2995695328101917,
      0.10779742137934376,
      0.9993887472167532
    ],
    "time_s": 222.0
  },
  "secretion": null,
  "status": "TASK42_SOURCE_CLASS_WT_FAILED"
}
