This is pdfTeX, Version 3.14159265-2.6-1.40.15 (TeX Live 2014) (preloaded format=pdflatex 2015.3.19)  19 SEP 2017 17:40
entering extended mode
 restricted \write18 enabled.
 %&-line parsing enabled.
**Ae4_Basis.tex
(./Ae4_Basis.tex
LaTeX2e <2014/05/01>
Babel <3.9k> and hyphenation patterns for 78 languages loaded.
(./svjour3.cls
Document Class: svjour3 2007/05/08 v3.2 
LaTeX document class for Springer journals
Class Springer-SVJour3 Info: extra/valid Springer sub-package (-> *.clo) 
(Springer-SVJour3)           not found in option list of \documentclass
(Springer-SVJour3)           - autoactivating "global" style.
(./svglov3.clo
File: svglov3.clo 2009/12/18 v3.2 style option for standardised journals

SVJour Class option: svglov3.clo for standardised journals
)
LaTeX Font Info:    Redeclaring math symbol \Gamma on input line 147.
LaTeX Font Info:    Redeclaring math symbol \Delta on input line 148.
LaTeX Font Info:    Redeclaring math symbol \Theta on input line 149.
LaTeX Font Info:    Redeclaring math symbol \Lambda on input line 150.
LaTeX Font Info:    Redeclaring math symbol \Xi on input line 151.
LaTeX Font Info:    Redeclaring math symbol \Pi on input line 152.
LaTeX Font Info:    Redeclaring math symbol \Sigma on input line 153.
LaTeX Font Info:    Redeclaring math symbol \Upsilon on input line 154.
LaTeX Font Info:    Redeclaring math symbol \Phi on input line 155.
LaTeX Font Info:    Redeclaring math symbol \Psi on input line 156.
LaTeX Font Info:    Redeclaring math symbol \Omega on input line 157.
\logodepth=\dimen102
\headerboxheight=\dimen103
\betweenumberspace=\dimen104
\aftertext=\dimen105
\headlineindent=\dimen106
\c@inst=\count79
\c@auth=\count80
\instindent=\dimen107
\authrun=\box26
\authorrunning=\toks14
\titrun=\box27
\titlerunning=\toks15
\combirun=\box28
\c@lastpage=\count81
\rubricwidth=\dimen108
\c@section=\count82
\c@subsection=\count83
\c@subsubsection=\count84
\c@paragraph=\count85
\c@subparagraph=\count86
\spthmsep=\dimen109
\c@theorem=\count87
\c@case=\count88
\c@conjecture=\count89
\c@corollary=\count90
\c@definition=\count91
\c@example=\count92
\c@exercise=\count93
\c@lemma=\count94
\c@note=\count95
\c@problem=\count96
\c@property=\count97
\c@proposition=\count98
\c@question=\count99
\c@solution=\count100
\c@remark=\count101
\c@figure=\count102
\c@table=\count103
\abovecaptionskip=\skip41
\belowcaptionskip=\skip42
\figcapgap=\dimen110
\tabcapgap=\dimen111
\figgap=\dimen112
\bibindent=\dimen113
\@tempcntc=\count104
) (/usr/local/texlive/2014/texmf-dist/tex/latex/cite/cite.sty
LaTeX Info: Redefining \cite on input line 302.
LaTeX Info: Redefining \nocite on input line 373.
Package: cite 2010/09/10  v 5.3
)
(/usr/local/texlive/2014/texmf-dist/tex/latex/graphics/graphicx.sty
Package: graphicx 2014/04/25 v1.0g Enhanced LaTeX Graphics (DPC,SPQR)

(/usr/local/texlive/2014/texmf-dist/tex/latex/graphics/keyval.sty
Package: keyval 2014/05/08 v1.15 key=value parser (DPC)
\KV@toks@=\toks16
)
(/usr/local/texlive/2014/texmf-dist/tex/latex/graphics/graphics.sty
Package: graphics 2009/02/05 v1.0o Standard LaTeX Graphics (DPC,SPQR)

(/usr/local/texlive/2014/texmf-dist/tex/latex/graphics/trig.sty
Package: trig 1999/03/16 v1.09 sin cos tan (DPC)
)
(/usr/local/texlive/2014/texmf-dist/tex/latex/latexconfig/graphics.cfg
File: graphics.cfg 2010/04/23 v1.9 graphics configuration of TeX Live
)
Package graphics Info: Driver file: pdftex.def on input line 91.

(/usr/local/texlive/2014/texmf-dist/tex/latex/pdftex-def/pdftex.def
File: pdftex.def 2011/05/27 v0.06d Graphics/color for pdfTeX

(/usr/local/texlive/2014/texmf-dist/tex/generic/oberdiek/infwarerr.sty
Package: infwarerr 2010/04/08 v1.3 Providing info/warning/error messages (HO)
)
(/usr/local/texlive/2014/texmf-dist/tex/generic/oberdiek/ltxcmds.sty
Package: ltxcmds 2011/11/09 v1.22 LaTeX kernel commands for general use (HO)
)
\Gread@gobject=\count105
))
\Gin@req@height=\dimen114
\Gin@req@width=\dimen115
)
(/usr/local/texlive/2014/texmf-dist/tex/latex/natbib/natbib.sty
Package: natbib 2010/09/13 8.31b (PWD, AO)


Package natbib Warning: The `cite' package should not be used
(natbib)                with natbib. Use option `sort' instead.

\bibhang=\skip43
\bibsep=\skip44
LaTeX Info: Redefining \cite on input line 694.
LaTeX Info: Redefining \citenum on input line 708.
\c@NAT@ctr=\count106
) (/usr/local/texlive/2014/texmf-dist/tex/latex/adjustbox/adjustbox.sty
Package: adjustbox 2012/05/21 v1.0 Adjusting TeX boxes (trim, clip, ...)

(/usr/local/texlive/2014/texmf-dist/tex/latex/xkeyval/xkeyval.sty
Package: xkeyval 2014/05/09 v2.6d package option processing (HA)

(/usr/local/texlive/2014/texmf-dist/tex/generic/xkeyval/xkeyval.tex
\XKV@toks=\toks17
\XKV@tempa@toks=\toks18
\XKV@depth=\count107
File: xkeyval.tex 2014/05/09 v2.6d key=value parser (HA)
))
(/usr/local/texlive/2014/texmf-dist/tex/latex/adjustbox/adjcalc.sty
Package: adjcalc 2012/05/16 v1.1 Provides advanced setlength with multiple back
-ends (calc, etex, pgfmath)
)
(/usr/local/texlive/2014/texmf-dist/tex/latex/adjustbox/trimclip.sty
Package: trimclip 2012/05/16 v1.0 Trim and clip general TeX material

(/usr/local/texlive/2014/texmf-dist/tex/latex/collectbox/collectbox.sty
Package: collectbox 2012/05/17 v0.4b Collect macro arguments as boxes
\collectedbox=\box29
)
\tc@llx=\dimen116
\tc@lly=\dimen117
\tc@urx=\dimen118
\tc@ury=\dimen119
Package trimclip Info: Using driver 'tc-pdftex.def'.

(/usr/local/texlive/2014/texmf-dist/tex/latex/adjustbox/tc-pdftex.def
File: tc-pdftex.def 2012/05/13 v1.0 Clipping driver for pdftex
))
\adjbox@Width=\dimen120
\adjbox@Height=\dimen121
\adjbox@Depth=\dimen122
\adjbox@Totalheight=\dimen123

(/usr/local/texlive/2014/texmf-dist/tex/latex/ifoddpage/ifoddpage.sty
Package: ifoddpage 2011/09/13 v1.0 Conditionals for odd/even page detection
\c@checkoddpage=\count108
)
(/usr/local/texlive/2014/texmf-dist/tex/latex/varwidth/varwidth.sty
Package: varwidth 2009/03/30 ver 0.92;  Variable-width minipages
\@vwid@box=\box30
\sift@deathcycles=\count109
\@vwid@loff=\dimen124
\@vwid@roff=\dimen125
))
(/usr/local/texlive/2014/texmf-dist/tex/latex/amsmath/amsmath.sty
Package: amsmath 2013/01/14 v2.14 AMS math features
\@mathmargin=\skip45

For additional information on amsmath, use the `?' option.
(/usr/local/texlive/2014/texmf-dist/tex/latex/amsmath/amstext.sty
Package: amstext 2000/06/29 v2.01

(/usr/local/texlive/2014/texmf-dist/tex/latex/amsmath/amsgen.sty
File: amsgen.sty 1999/11/30 v2.0
\@emptytoks=\toks19
\ex@=\dimen126
))
(/usr/local/texlive/2014/texmf-dist/tex/latex/amsmath/amsbsy.sty
Package: amsbsy 1999/11/29 v1.2d
\pmbraise@=\dimen127
)
(/usr/local/texlive/2014/texmf-dist/tex/latex/amsmath/amsopn.sty
Package: amsopn 1999/12/14 v2.01 operator names
)
\inf@bad=\count110
LaTeX Info: Redefining \frac on input line 210.
\uproot@=\count111
\leftroot@=\count112
LaTeX Info: Redefining \overline on input line 306.
\classnum@=\count113
\DOTSCASE@=\count114
LaTeX Info: Redefining \ldots on input line 378.
LaTeX Info: Redefining \dots on input line 381.
LaTeX Info: Redefining \cdots on input line 466.
\Mathstrutbox@=\box31
\strutbox@=\box32
\big@size=\dimen128
LaTeX Font Info:    Redeclaring font encoding OML on input line 566.
LaTeX Font Info:    Redeclaring font encoding OMS on input line 567.


Package amsmath Warning: Unable to redefine math accent \vec.

\macc@depth=\count115
\c@MaxMatrixCols=\count116
\dotsspace@=\muskip10
\c@parentequation=\count117
\dspbrk@lvl=\count118
\tag@help=\toks20
\row@=\count119
\column@=\count120
\maxfields@=\count121
\andhelp@=\toks21
\eqnshift@=\dimen129
\alignsep@=\dimen130
\tagshift@=\dimen131
\tagwidth@=\dimen132
\totwidth@=\dimen133
\lineht@=\dimen134
\@envbody=\toks22
\multlinegap=\skip46
\multlinetaggap=\skip47
\mathdisplay@stack=\toks23
LaTeX Info: Redefining \[ on input line 2665.
LaTeX Info: Redefining \] on input line 2666.
) (/usr/local/texlive/2014/texmf-dist/tex/latex/mh/mathtools.sty
Package: mathtools 2014/05/21 v1.14 mathematical typesetting tools

(/usr/local/texlive/2014/texmf-dist/tex/latex/tools/calc.sty
Package: calc 2007/08/22 v4.3 Infix arithmetic (KKT,FJ)
\calc@Acount=\count122
\calc@Bcount=\count123
\calc@Adimen=\dimen135
\calc@Bdimen=\dimen136
\calc@Askip=\skip48
\calc@Bskip=\skip49
LaTeX Info: Redefining \setlength on input line 75.
LaTeX Info: Redefining \addtolength on input line 76.
\calc@Ccount=\count124
\calc@Cskip=\skip50
)
(/usr/local/texlive/2014/texmf-dist/tex/latex/mh/mhsetup.sty
Package: mhsetup 2010/01/21 v1.2a programming setup (MH)
)
LaTeX Info: Thecontrolsequence`\['isalreadyrobust on input line 129.
LaTeX Info: Thecontrolsequence`\]'isalreadyrobust on input line 129.
\g_MT_multlinerow_int=\count125
\l_MT_multwidth_dim=\dimen137
\origjot=\skip51
\l_MT_shortvdotswithinadjustabove_dim=\dimen138
\l_MT_shortvdotswithinadjustbelow_dim=\dimen139
\l_MT_above_intertext_sep=\dimen140
\l_MT_below_intertext_sep=\dimen141
\l_MT_above_shortintertext_sep=\dimen142
\l_MT_below_shortintertext_sep=\dimen143
)
(/usr/local/texlive/2014/texmf-dist/tex/latex/oberdiek/epstopdf.sty
Package: epstopdf 2010/02/09 v2.5 Conversion with epstopdf on the fly (HO)

(/usr/local/texlive/2014/texmf-dist/tex/latex/oberdiek/epstopdf-base.sty
Package: epstopdf-base 2010/02/09 v2.5 Base part for package epstopdf

(/usr/local/texlive/2014/texmf-dist/tex/latex/oberdiek/grfext.sty
Package: grfext 2010/08/19 v1.1 Manage graphics extensions (HO)

(/usr/local/texlive/2014/texmf-dist/tex/generic/oberdiek/kvdefinekeys.sty
Package: kvdefinekeys 2011/04/07 v1.3 Define keys (HO)
))
(/usr/local/texlive/2014/texmf-dist/tex/latex/oberdiek/kvoptions.sty
Package: kvoptions 2011/06/30 v3.11 Key value format for package options (HO)

(/usr/local/texlive/2014/texmf-dist/tex/generic/oberdiek/kvsetkeys.sty
Package: kvsetkeys 2012/04/25 v1.16 Key value parser (HO)

(/usr/local/texlive/2014/texmf-dist/tex/generic/oberdiek/etexcmds.sty
Package: etexcmds 2011/02/16 v1.5 Avoid name clashes with e-TeX commands (HO)

(/usr/local/texlive/2014/texmf-dist/tex/generic/oberdiek/ifluatex.sty
Package: ifluatex 2010/03/01 v1.3 Provides the ifluatex switch (HO)
Package ifluatex Info: LuaTeX not detected.
)
Package etexcmds Info: Could not find \expanded.
(etexcmds)             That can mean that you are not using pdfTeX 1.50 or
(etexcmds)             that some package has redefined \expanded.
(etexcmds)             In the latter case, load this package earlier.
)))
(/usr/local/texlive/2014/texmf-dist/tex/generic/oberdiek/pdftexcmds.sty
Package: pdftexcmds 2011/11/29 v0.20 Utility functions of pdfTeX for LuaTeX (HO
)

(/usr/local/texlive/2014/texmf-dist/tex/generic/oberdiek/ifpdf.sty
Package: ifpdf 2011/01/30 v2.3 Provides the ifpdf switch (HO)
Package ifpdf Info: pdfTeX in PDF mode is detected.
)
Package pdftexcmds Info: LuaTeX not detected.
Package pdftexcmds Info: \pdf@primitive is available.
Package pdftexcmds Info: \pdf@ifprimitive is available.
Package pdftexcmds Info: \pdfdraftmode found.
)
Package grfext Info: Graphics extension search list:
(grfext)             [.png,.pdf,.jpg,.mps,.jpeg,.jbig2,.jb2,.PNG,.PDF,.JPG,.JPE
G,.JBIG2,.JB2,.eps]
(grfext)             \AppendGraphicsExtensions on input line 452.

(/usr/local/texlive/2014/texmf-dist/tex/latex/latexconfig/epstopdf-sys.cfg
File: epstopdf-sys.cfg 2010/07/13 v1.3 Configuration of (r)epstopdf for TeX Liv
e
)))
(/usr/local/texlive/2014/texmf-dist/tex/latex/caption/caption.sty
Package: caption 2013/05/02 v3.3-89 Customizing captions (AR)

(/usr/local/texlive/2014/texmf-dist/tex/latex/caption/caption3.sty
Package: caption3 2013/05/02 v1.6-88 caption3 kernel (AR)
Package caption3 Info: TeX engine: e-TeX on input line 57.
\captionmargin=\dimen144
\captionmargin@=\dimen145
\captionwidth=\dimen146
\caption@tempdima=\dimen147
\caption@indent=\dimen148
\caption@parindent=\dimen149
\caption@hangindent=\dimen150
Package caption Info: Unknown document class (or package),
(caption)             standard defaults will be used.
)

Package caption Warning: Unsupported document class (or package) detected,
(caption)                usage of the caption package is not recommended.
See the caption package documentation for explanation.

Package caption Info: \@makecaption = \long macro:#1#2->\captionstyle \ifx \@ca
ptype \fig@type \vskip \figcapgap \fi \setbox \@tempboxa \hbox {{\floatlegendst
yle #1\floatcounterend }\capstrut #2}\ifdim \wd \@tempboxa >\hsize {\floatlegen
dstyle #1\floatcounterend }\capstrut #2\par \else \hbox to\hsize {\leftlegendgl
ue \unhbox \@tempboxa \hfil }\fi \ifx \@captype \fig@type \else \vskip \tabcapg
ap \fi .
\c@ContinuedFloat=\count126
) (/usr/local/texlive/2014/texmf-dist/tex/latex/float/float.sty
Package: float 2001/11/08 v1.3d Float enhancements (AL)
\c@float@type=\count127
\float@exts=\toks24
\float@box=\box33
\@float@everytoks=\toks25
\@floatcapt=\box34
)
(/usr/local/texlive/2014/texmf-dist/tex/latex/mhchem/mhchem.sty
Package: mhchem 2014/03/27 v3.17 for typesetting chemical formulae

(/usr/local/texlive/2014/texmf-dist/tex/latex/base/ifthen.sty
Package: ifthen 2001/05/26 v1.1c Standard LaTeX ifthen package (DPC)
)
(/usr/local/texlive/2014/texmf-dist/tex/latex/oberdiek/twoopt.sty
Package: twoopt 2008/08/11 v1.5 Definitions with two optional arguments (HO)
)
(/usr/local/texlive/2014/texmf-dist/tex/latex/l3kernel/expl3.sty
Package: expl3 2014/05/20 v4814 L3 programming layer (loader) 

(/usr/local/texlive/2014/texmf-dist/tex/latex/l3kernel/expl3-code.tex
Package: expl3 2014/05/20 v4814 L3 programming layer (code) 
L3 Module: l3bootstrap 2014/05/16 v4782 L3 Bootstrap code

(/usr/local/texlive/2014/texmf-dist/tex/latex/etex-pkg/etex.sty
Package: etex 1998/03/26 v2.0 eTeX basic definition package (PEB)
\et@xins=\count128
)
L3 Module: l3names 2014/05/04 v4728 L3 Namespace for primitives
L3 Module: l3basics 2014/05/04 v4728 L3 Basic definitions
L3 Module: l3expan 2014/04/30 v4712 L3 Argument expansion
L3 Module: l3tl 2014/05/04 v4728 L3 Token lists
L3 Module: l3seq 2014/04/30 v4712 L3 Sequences and stacks
L3 Module: l3int 2014/05/16 v4776 L3 Integers
\c_max_int=\count129
\l_tmpa_int=\count130
\l_tmpb_int=\count131
\g_tmpa_int=\count132
\g_tmpb_int=\count133
L3 Module: l3quark 2014/05/04 v4728 L3 Quarks
L3 Module: l3prg 2014/05/04 v4728 L3 Control structures
\g__prg_map_int=\count134
L3 Module: l3clist 2014/05/04 v4728 L3 Comma separated lists
L3 Module: l3token 2014/05/04 v4728 L3 Experimental token manipulation
L3 Module: l3prop 2014/04/30 v4712 L3 Property lists
L3 Module: l3msg 2014/05/04 v4728 L3 Messages
L3 Module: l3file 2014/05/05 v4737 L3 File and I/O operations
\l_iow_line_count_int=\count135
\l__iow_target_count_int=\count136
\l__iow_current_line_int=\count137
\l__iow_current_word_int=\count138
\l__iow_current_indentation_int=\count139
L3 Module: l3skip 2014/05/05 v4738 L3 Dimensions and skips
\c_zero_dim=\dimen151
\c_max_dim=\dimen152
\l_tmpa_dim=\dimen153
\l_tmpb_dim=\dimen154
\g_tmpa_dim=\dimen155
\g_tmpb_dim=\dimen156
\c_zero_skip=\skip52
\c_max_skip=\skip53
\l_tmpa_skip=\skip54
\l_tmpb_skip=\skip55
\g_tmpa_skip=\skip56
\g_tmpb_skip=\skip57
\c_zero_muskip=\muskip11
\c_max_muskip=\muskip12
\l_tmpa_muskip=\muskip13
\l_tmpb_muskip=\muskip14
\g_tmpa_muskip=\muskip15
\g_tmpb_muskip=\muskip16
L3 Module: l3keys 2014/05/08 v4753 L3 Key-value interfaces
\g__keyval_level_int=\count140
\l_keys_choice_int=\count141
L3 Module: l3fp 2014/04/30 v4712 L3 Floating points
\c__fp_leading_shift_int=\count142
\c__fp_middle_shift_int=\count143
\c__fp_trailing_shift_int=\count144
\c__fp_big_leading_shift_int=\count145
\c__fp_big_middle_shift_int=\count146
\c__fp_big_trailing_shift_int=\count147
\c__fp_Bigg_leading_shift_int=\count148
\c__fp_Bigg_middle_shift_int=\count149
\c__fp_Bigg_trailing_shift_int=\count150
L3 Module: l3box 2014/05/04 v4728 L3 Experimental boxes
\c_empty_box=\box35
\l_tmpa_box=\box36
\l_tmpb_box=\box37
\g_tmpa_box=\box38
\g_tmpb_box=\box39
L3 Module: l3coffins 2014/05/04 v4728 L3 Coffin code layer
\l__coffin_internal_box=\box40
\l__coffin_internal_dim=\dimen157
\l__coffin_offset_x_dim=\dimen158
\l__coffin_offset_y_dim=\dimen159
\l__coffin_x_dim=\dimen160
\l__coffin_y_dim=\dimen161
\l__coffin_x_prime_dim=\dimen162
\l__coffin_y_prime_dim=\dimen163
\c_empty_coffin=\box41
\l__coffin_aligned_coffin=\box42
\l__coffin_aligned_internal_coffin=\box43
\l_tmpa_coffin=\box44
\l_tmpb_coffin=\box45
\l__coffin_display_coffin=\box46
\l__coffin_display_coord_coffin=\box47
\l__coffin_display_pole_coffin=\box48
\l__coffin_display_offset_dim=\dimen164
\l__coffin_display_x_dim=\dimen165
\l__coffin_display_y_dim=\dimen166
L3 Module: l3color 2014/04/30 v4712 L3 Experimental color support
L3 Module: l3luatex 2014/04/30 v4712 L3 Experimental LuaTeX-specific functions
\g__cctab_allocate_int=\count151
\g__cctab_stack_int=\count152
L3 Module: l3candidates 2014/05/04 v4734 L3 Experimental additions to l3kernel
\l__box_top_dim=\dimen167
\l__box_bottom_dim=\dimen168
\l__box_left_dim=\dimen169
\l__box_right_dim=\dimen170
\l__box_top_new_dim=\dimen171
\l__box_bottom_new_dim=\dimen172
\l__box_left_new_dim=\dimen173
\l__box_right_new_dim=\dimen174
\l__box_internal_box=\box49
\l__coffin_bounding_shift_dim=\dimen175
\l__coffin_left_corner_dim=\dimen176
\l__coffin_right_corner_dim=\dimen177
\l__coffin_bottom_corner_dim=\dimen178
\l__coffin_top_corner_dim=\dimen179
\l__coffin_scaled_total_height_dim=\dimen180
\l__coffin_scaled_width_dim=\dimen181
))
\mhchem@ce@result=\toks26
\mhchem@ce@part=\toks27
\mhchem@arrow@deployType=\toks28
\mhchem@arrow@params=\toks29
\mhchem@arrowlength@pgf=\skip58
\mhchem@bondwidth=\skip59
\mhchem@bondheight=\skip60
\mhchem@smallbondwidth@tmpA=\skip61
\mhchem@smallbondwidth@tmpB=\skip62
\mhchem@smallbondwidth=\skip63
\__mhchem_option_version_int=\count153
\mhchem@prepostscript@tmp@i=\skip64
\mhchem@prepostscript@tmp@ii=\skip65
\mhchem@mathbox@tmp@i=\skip66
\mhchem@mathbox@tmp@ii=\skip67
\mhchem@minispace@tmp=\skip68
\mhchem@option@minussidebearingleft=\skip69
\mhchem@option@minussidebearingright=\skip70


Package mhchem Warning: You did not specify a 'version' option for the mhchem
(mhchem)                package. If you are about to create a new document,
(mhchem)                please write \usepackage[version=3]{mhchem} in your
(mhchem)                preamble in order to use the most recent version of
(mhchem)                mhchem.

) (/usr/local/texlive/2014/texmf-dist/tex/latex/appendix/appendix.sty
Package: appendix 2009/09/02 v1.2b extra appendix facilities
\c@@pps=\count154
\c@@ppsavesec=\count155
\c@@ppsaveapp=\count156
)
(/usr/local/texlive/2014/texmf-dist/tex/latex/caption/subcaption.sty
Package: subcaption 2013/02/03 v1.1-62 Sub-captions (AR)
\c@subfigure=\count157
\c@subtable=\count158
)
(/usr/local/texlive/2014/texmf-dist/tex/latex/booktabs/booktabs.sty
Package: booktabs 2005/04/14 v1.61803 publication quality tables
\heavyrulewidth=\dimen182
\lightrulewidth=\dimen183
\cmidrulewidth=\dimen184
\belowrulesep=\dimen185
\belowbottomsep=\dimen186
\aboverulesep=\dimen187
\abovetopsep=\dimen188
\cmidrulesep=\dimen189
\cmidrulekern=\dimen190
\defaultaddspace=\dimen191
\@cmidla=\count159
\@cmidlb=\count160
\@aboverulesep=\dimen192
\@belowrulesep=\dimen193
\@thisruleclass=\count161
\@lastruleclass=\count162
\@thisrulewidth=\dimen194
)
(/usr/local/texlive/2014/texmf-dist/tex/latex/xcolor/xcolor.sty
Package: xcolor 2007/01/21 v2.11 LaTeX color extensions (UK)

(/usr/local/texlive/2014/texmf-dist/tex/latex/latexconfig/color.cfg
File: color.cfg 2007/01/18 v1.5 color configuration of teTeX/TeXLive
)
Package xcolor Info: Driver file: pdftex.def on input line 225.
Package xcolor Info: Model `cmy' substituted by `cmy0' on input line 1337.
Package xcolor Info: Model `hsb' substituted by `rgb' on input line 1341.
Package xcolor Info: Model `RGB' extended on input line 1353.
Package xcolor Info: Model `HTML' substituted by `rgb' on input line 1355.
Package xcolor Info: Model `Hsb' substituted by `hsb' on input line 1356.
Package xcolor Info: Model `tHsb' substituted by `hsb' on input line 1357.
Package xcolor Info: Model `HSB' substituted by `hsb' on input line 1358.
Package xcolor Info: Model `Gray' substituted by `gray' on input line 1359.
Package xcolor Info: Model `wave' substituted by `hsb' on input line 1360.
)
(/usr/local/texlive/2014/texmf-dist/tex/latex/colortbl/colortbl.sty
Package: colortbl 2012/02/13 v1.0a Color table columns (DPC)

(/usr/local/texlive/2014/texmf-dist/tex/latex/tools/array.sty
Package: array 2008/09/09 v2.4c Tabular extension package (FMi)
\col@sep=\dimen195
\extrarowheight=\dimen196
\NC@list=\toks30
\extratabsurround=\skip71
\backup@length=\skip72
)
\everycr=\toks31
\minrowclearance=\skip73
)
(/usr/local/texlive/2014/texmf-dist/tex/latex/fancyhdr/fancyhdr.sty
\fancy@headwidth=\skip74
\f@ncyO@elh=\skip75
\f@ncyO@erh=\skip76
\f@ncyO@olh=\skip77
\f@ncyO@orh=\skip78
\f@ncyO@elf=\skip79
\f@ncyO@erf=\skip80
\f@ncyO@olf=\skip81
\f@ncyO@orf=\skip82
)
(/usr/local/texlive/2014/texmf-dist/tex/latex/hyperref/hyperref.sty
Package: hyperref 2012/11/06 v6.83m Hypertext links for LaTeX

(/usr/local/texlive/2014/texmf-dist/tex/generic/oberdiek/hobsub-hyperref.sty
Package: hobsub-hyperref 2012/05/28 v1.13 Bundle oberdiek, subset hyperref (HO)


(/usr/local/texlive/2014/texmf-dist/tex/generic/oberdiek/hobsub-generic.sty
Package: hobsub-generic 2012/05/28 v1.13 Bundle oberdiek, subset generic (HO)
Package: hobsub 2012/05/28 v1.13 Construct package bundles (HO)
Package hobsub Info: Skipping package `infwarerr' (already loaded).
Package hobsub Info: Skipping package `ltxcmds' (already loaded).
Package hobsub Info: Skipping package `ifluatex' (already loaded).
Package: ifvtex 2010/03/01 v1.5 Detect VTeX and its facilities (HO)
Package ifvtex Info: VTeX not detected.
Package: intcalc 2007/09/27 v1.1 Expandable calculations with integers (HO)
Package hobsub Info: Skipping package `ifpdf' (already loaded).
Package hobsub Info: Skipping package `etexcmds' (already loaded).
Package hobsub Info: Skipping package `kvsetkeys' (already loaded).
Package hobsub Info: Skipping package `kvdefinekeys' (already loaded).
Package hobsub Info: Skipping package `pdftexcmds' (already loaded).
Package: pdfescape 2011/11/25 v1.13 Implements pdfTeX's escape features (HO)
Package: bigintcalc 2012/04/08 v1.3 Expandable calculations on big integers (HO
)
Package: bitset 2011/01/30 v1.1 Handle bit-vector datatype (HO)
Package: uniquecounter 2011/01/30 v1.2 Provide unlimited unique counter (HO)
)
Package hobsub Info: Skipping package `hobsub' (already loaded).
Package: letltxmacro 2010/09/02 v1.4 Let assignment for LaTeX macros (HO)
Package: hopatch 2012/05/28 v1.2 Wrapper for package hooks (HO)
Package: xcolor-patch 2011/01/30 xcolor patch
Package: atveryend 2011/06/30 v1.8 Hooks at the very end of document (HO)
Package atveryend Info: \enddocument detected (standard20110627).
Package: atbegshi 2011/10/05 v1.16 At begin shipout hook (HO)
Package: refcount 2011/10/16 v3.4 Data extraction from label references (HO)
Package: hycolor 2011/01/30 v1.7 Color options for hyperref/bookmark (HO)
)
(/usr/local/texlive/2014/texmf-dist/tex/generic/ifxetex/ifxetex.sty
Package: ifxetex 2010/09/12 v0.6 Provides ifxetex conditional
)
(/usr/local/texlive/2014/texmf-dist/tex/latex/oberdiek/auxhook.sty
Package: auxhook 2011/03/04 v1.3 Hooks for auxiliary files (HO)
)
\@linkdim=\dimen197
\Hy@linkcounter=\count163
\Hy@pagecounter=\count164

(/usr/local/texlive/2014/texmf-dist/tex/latex/hyperref/pd1enc.def
File: pd1enc.def 2012/11/06 v6.83m Hyperref: PDFDocEncoding definition (HO)
)
\Hy@SavedSpaceFactor=\count165

(/usr/local/texlive/2014/texmf-dist/tex/latex/latexconfig/hyperref.cfg
File: hyperref.cfg 2002/06/06 v1.2 hyperref configuration of TeXLive
)
Package hyperref Info: Hyper figures OFF on input line 4443.
Package hyperref Info: Link nesting OFF on input line 4448.
Package hyperref Info: Hyper index ON on input line 4451.
Package hyperref Info: Plain pages OFF on input line 4458.
Package hyperref Info: Backreferencing OFF on input line 4463.
Package hyperref Info: Implicit mode ON; LaTeX internals redefined.
Package hyperref Info: Bookmarks ON on input line 4688.
\c@Hy@tempcnt=\count166

(/usr/local/texlive/2014/texmf-dist/tex/latex/url/url.sty
\Urlmuskip=\muskip17
Package: url 2013/09/16  ver 3.4  Verb mode for urls, etc.
)
LaTeX Info: Redefining \url on input line 5041.
\XeTeXLinkMargin=\dimen198
\Fld@menulength=\count167
\Field@Width=\dimen199
\Fld@charsize=\dimen200
Package hyperref Info: Hyper figures OFF on input line 6295.
Package hyperref Info: Link nesting OFF on input line 6300.
Package hyperref Info: Hyper index ON on input line 6303.
Package hyperref Info: backreferencing OFF on input line 6310.
Package hyperref Info: Link coloring OFF on input line 6315.
Package hyperref Info: Link coloring with OCG OFF on input line 6320.
Package hyperref Info: PDF/A mode OFF on input line 6325.
LaTeX Info: Redefining \ref on input line 6365.
LaTeX Info: Redefining \pageref on input line 6369.
\Hy@abspage=\count168
\c@Item=\count169
\c@Hfootnote=\count170
)

Package hyperref Message: Driver (autodetected): hpdftex.

(/usr/local/texlive/2014/texmf-dist/tex/latex/hyperref/hpdftex.def
File: hpdftex.def 2012/11/06 v6.83m Hyperref driver for pdfTeX
\Fld@listcount=\count171
\c@bookmark@seq@number=\count172

(/usr/local/texlive/2014/texmf-dist/tex/latex/oberdiek/rerunfilecheck.sty
Package: rerunfilecheck 2011/04/15 v1.7 Rerun checks for auxiliary files (HO)
Package uniquecounter Info: New unique counter `rerunfilecheck' on input line 2
82.
)
\Hy@SectionHShift=\skip83
)
Package hyperref Info: Option `colorlinks' set `true' on input line 43.

(./Ae4_Basis.aux

LaTeX Warning: Label `fig:det_G2' multiply defined.


LaTeX Warning: Label `sub@fig:det_G2' multiply defined.


LaTeX Warning: Label `fig:det_G4' multiply defined.


LaTeX Warning: Label `sub@fig:det_G4' multiply defined.


LaTeX Warning: Label `fig:xyzG2' multiply defined.


LaTeX Warning: Label `sub@fig:xyzG2' multiply defined.


LaTeX Warning: Label `fig:xyzG4' multiply defined.


LaTeX Warning: Label `sub@fig:xyzG4' multiply defined.


LaTeX Warning: Label `fig:Q' multiply defined.


LaTeX Warning: Label `sub@fig:Q' multiply defined.


LaTeX Warning: Label `fig:QH' multiply defined.


LaTeX Warning: Label `sub@fig:QH' multiply defined.


LaTeX Warning: Label `fig:results' multiply defined.


LaTeX Warning: Label `fig:det_G2' multiply defined.


LaTeX Warning: Label `sub@fig:det_G2' multiply defined.


LaTeX Warning: Label `fig:det_G4' multiply defined.


LaTeX Warning: Label `sub@fig:det_G4' multiply defined.


LaTeX Warning: Label `fig:xyzG2' multiply defined.


LaTeX Warning: Label `sub@fig:xyzG2' multiply defined.


LaTeX Warning: Label `fig:xyzG4' multiply defined.


LaTeX Warning: Label `sub@fig:xyzG4' multiply defined.


LaTeX Warning: Label `fig:Q' multiply defined.


LaTeX Warning: Label `sub@fig:Q' multiply defined.


LaTeX Warning: Label `fig:QH' multiply defined.


LaTeX Warning: Label `sub@fig:QH' multiply defined.


LaTeX Warning: Label `fig:results' multiply defined.


LaTeX Warning: Label `fig:det_G2' multiply defined.


LaTeX Warning: Label `sub@fig:det_G2' multiply defined.


LaTeX Warning: Label `fig:det_G4' multiply defined.


LaTeX Warning: Label `sub@fig:det_G4' multiply defined.


LaTeX Warning: Label `fig:results' multiply defined.


LaTeX Warning: Label `table:Ae2' multiply defined.

)
\openout1 = `Ae4_Basis.aux'.

LaTeX Font Info:    Checking defaults for OML/cmm/m/it on input line 73.
LaTeX Font Info:    ... okay on input line 73.
LaTeX Font Info:    Checking defaults for T1/cmr/m/n on input line 73.
LaTeX Font Info:    ... okay on input line 73.
LaTeX Font Info:    Checking defaults for OT1/cmr/m/n on input line 73.
LaTeX Font Info:    ... okay on input line 73.
LaTeX Font Info:    Checking defaults for OMS/cmsy/m/n on input line 73.
LaTeX Font Info:    ... okay on input line 73.
LaTeX Font Info:    Checking defaults for OMX/cmex/m/n on input line 73.
LaTeX Font Info:    ... okay on input line 73.
LaTeX Font Info:    Checking defaults for U/cmr/m/n on input line 73.
LaTeX Font Info:    ... okay on input line 73.
LaTeX Font Info:    Checking defaults for PD1/pdf/m/n on input line 73.
LaTeX Font Info:    ... okay on input line 73.
 (/usr/local/texlive/2014/texmf-dist/tex/context/base/supp-pdf.mkii
[Loading MPS to PDF converter (version 2006.09.02).]
\scratchcounter=\count173
\scratchdimen=\dimen201
\scratchbox=\box50
\nofMPsegments=\count174
\nofMParguments=\count175
\everyMPshowfont=\toks32
\MPscratchCnt=\count176
Normal \dimen register pool exhausted, switching to extended pool.
\MPscratchDim=\dimen256
\MPnumerator=\count177
\makeMPintoPDFobject=\count178
\everyMPtoPDFconversion=\toks33
)
Package caption Info: Begin \AtBeginDocument code.
Package caption Info: float package is loaded.
Package caption Info: hyperref package is loaded.
Package caption Info: End \AtBeginDocument code.
\AtBeginShipoutBox=\box51
Package hyperref Info: Link coloring ON on input line 73.
 (/usr/local/texlive/2014/texmf-dist/tex/latex/hyperref/nameref.sty
Package: nameref 2012/10/27 v2.43 Cross-referencing by name of section

(/usr/local/texlive/2014/texmf-dist/tex/generic/oberdiek/gettitlestring.sty
Package: gettitlestring 2010/12/03 v1.4 Cleanup title references (HO)
)
\c@section@level=\count179
)
LaTeX Info: Redefining \ref on input line 73.
LaTeX Info: Redefining \pageref on input line 73.
LaTeX Info: Redefining \nameref on input line 73.

(./Ae4_Basis.out) (./Ae4_Basis.out)
\@outlinefile=\write3
\openout3 = `Ae4_Basis.out'.



LaTeX Font Warning: Font shape `OT1/cmr/bx/n' in size <9.5> not available
(Font)              size <9> substituted on input line 91.


LaTeX Font Warning: Font shape `OT1/cmr/bx/n' in size <13> not available
(Font)              size <12> substituted on input line 91.

LaTeX Font Info:    Calculating math sizes for size <9.5> on input line 91.

LaTeX Font Warning: Font shape `OML/cmm/m/it' in size <9.5> not available
(Font)              size <9> substituted on input line 91.


LaTeX Font Warning: Font shape `OMS/cmsy/m/n' in size <9.5> not available
(Font)              size <9> substituted on input line 91.


LaTeX Font Warning: Font shape `OMX/cmex/m/n' in size <9.5> not available
(Font)              size <9> substituted on input line 91.


LaTeX Font Warning: Font shape `OML/cmm/b/it' in size <9.5> not available
(Font)              size <9> substituted on input line 91.


LaTeX Font Warning: Font shape `OMS/cmsy/b/n' in size <9.5> not available
(Font)              size <9> substituted on input line 91.


Underfull \hbox (badness 10000) in paragraph at lines 91--91

 []

[1{/usr/local/texlive/2014/texmf-var/fonts/map/pdftex/updmap/pdftex.map}]
Underfull \hbox (badness 10000) in paragraph at lines 100--101

 []


Underfull \hbox (badness 10000) in paragraph at lines 102--103

 []

[2

] [3

]
Underfull \hbox (badness 10000) in paragraph at lines 146--148

 []

[4] [5] [6] [7] [8] [9]
Package epstopdf Info: Source file: <Figure1.eps>
(epstopdf)                    date: 2017-06-09 11:45:42
(epstopdf)                    size: 80204 bytes
(epstopdf)             Output file: <Figure1-eps-converted-to.pdf>
(epstopdf)                    date: 2017-06-09 11:45:48
(epstopdf)                    size: 7551 bytes
(epstopdf)             Command: <repstopdf --outfile=Figure1-eps-converted-to.p
df Figure1.eps>
(epstopdf)             \includegraphics on input line 409.
Package epstopdf Info: Output file is already uptodate.

<Figure1-eps-converted-to.pdf, id=122, 1744.5175pt x 1293.83376pt>
File: Figure1-eps-converted-to.pdf Graphic file (type pdf)

<use Figure1-eps-converted-to.pdf>
Package pdftex.def Info: Figure1-eps-converted-to.pdf used on input line 409.
(pdftex.def)             Requested size: 170.0319pt x 126.094pt.
Package epstopdf Info: Source file: <Figure2.eps>
(epstopdf)                    date: 2017-06-09 11:36:51
(epstopdf)                    size: 92595 bytes
(epstopdf)             Output file: <Figure2-eps-converted-to.pdf>
(epstopdf)                    date: 2017-06-09 11:45:49
(epstopdf)                    size: 12807 bytes
(epstopdf)             Command: <repstopdf --outfile=Figure2-eps-converted-to.p
df Figure2.eps>
(epstopdf)             \includegraphics on input line 414.
Package epstopdf Info: Output file is already uptodate.

<Figure2-eps-converted-to.pdf, id=123, 1744.5175pt x 1293.83376pt>
File: Figure2-eps-converted-to.pdf Graphic file (type pdf)

<use Figure2-eps-converted-to.pdf>
Package pdftex.def Info: Figure2-eps-converted-to.pdf used on input line 414.
(pdftex.def)             Requested size: 170.0319pt x 126.094pt.
Package epstopdf Info: Source file: <Figure5.eps>
(epstopdf)                    date: 2017-06-09 11:35:10
(epstopdf)                    size: 21075 bytes
(epstopdf)             Output file: <Figure5-eps-converted-to.pdf>
(epstopdf)                    date: 2017-06-09 11:35:17
(epstopdf)                    size: 7988 bytes
(epstopdf)             Command: <repstopdf --outfile=Figure5-eps-converted-to.p
df Figure5.eps>
(epstopdf)             \includegraphics on input line 421.
Package epstopdf Info: Output file is already uptodate.

<Figure5-eps-converted-to.pdf, id=124, 1777.64125pt x 1345.025pt>
File: Figure5-eps-converted-to.pdf Graphic file (type pdf)

<use Figure5-eps-converted-to.pdf>
Package pdftex.def Info: Figure5-eps-converted-to.pdf used on input line 421.
(pdftex.def)             Requested size: 170.0319pt x 128.64069pt.
Package epstopdf Info: Source file: <Figure4.eps>
(epstopdf)                    date: 2017-06-09 11:34:24
(epstopdf)                    size: 37069 bytes
(epstopdf)             Output file: <Figure4-eps-converted-to.pdf>
(epstopdf)                    date: 2017-06-09 11:34:31
(epstopdf)                    size: 14322 bytes
(epstopdf)             Command: <repstopdf --outfile=Figure4-eps-converted-to.p
df Figure4.eps>
(epstopdf)             \includegraphics on input line 426.
Package epstopdf Info: Output file is already uptodate.

<Figure4-eps-converted-to.pdf, id=125, 1780.6525pt x 1345.025pt>
File: Figure4-eps-converted-to.pdf Graphic file (type pdf)

<use Figure4-eps-converted-to.pdf>
Package pdftex.def Info: Figure4-eps-converted-to.pdf used on input line 426.
(pdftex.def)             Requested size: 170.0319pt x 128.41492pt.
Package epstopdf Info: Source file: <Figure3.eps>
(epstopdf)                    date: 2017-06-09 11:32:37
(epstopdf)                    size: 23903 bytes
(epstopdf)             Output file: <Figure3-eps-converted-to.pdf>
(epstopdf)                    date: 2017-06-09 11:32:43
(epstopdf)                    size: 9793 bytes
(epstopdf)             Command: <repstopdf --outfile=Figure3-eps-converted-to.p
df Figure3.eps>
(epstopdf)             \includegraphics on input line 432.
Package epstopdf Info: Output file is already uptodate.

<Figure3-eps-converted-to.pdf, id=126, 1779.64874pt x 1345.025pt>
File: Figure3-eps-converted-to.pdf Graphic file (type pdf)

<use Figure3-eps-converted-to.pdf>
Package pdftex.def Info: Figure3-eps-converted-to.pdf used on input line 432.
(pdftex.def)             Requested size: 170.0319pt x 128.49701pt.
Package epstopdf Info: Source file: <Figure6.eps>
(epstopdf)                    date: 2017-06-09 11:30:47
(epstopdf)                    size: 15348 bytes
(epstopdf)             Output file: <Figure6-eps-converted-to.pdf>
(epstopdf)                    date: 2017-06-09 11:30:54
(epstopdf)                    size: 6466 bytes
(epstopdf)             Command: <repstopdf --outfile=Figure6-eps-converted-to.p
df Figure6.eps>
(epstopdf)             \includegraphics on input line 437.
Package epstopdf Info: Output file is already uptodate.

<Figure6-eps-converted-to.pdf, id=127, 1813.77625pt x 1345.025pt>
File: Figure6-eps-converted-to.pdf Graphic file (type pdf)

<use Figure6-eps-converted-to.pdf>
Package pdftex.def Info: Figure6-eps-converted-to.pdf used on input line 437.
(pdftex.def)             Requested size: 170.0319pt x 126.07526pt.
Package epstopdf Info: Source file: <Figure7.eps>
(epstopdf)                    date: 2017-06-09 15:08:02
(epstopdf)                    size: 305943 bytes
(epstopdf)             Output file: <Figure7-eps-converted-to.pdf>
(epstopdf)                    date: 2017-06-09 15:15:50
(epstopdf)                    size: 13694 bytes
(epstopdf)             Command: <repstopdf --outfile=Figure7-eps-converted-to.p
df Figure7.eps>
(epstopdf)             \includegraphics on input line 455.
Package epstopdf Info: Output file is already uptodate.

<Figure7-eps-converted-to.pdf, id=128, 1811.76875pt x 1293.83376pt>
File: Figure7-eps-converted-to.pdf Graphic file (type pdf)

<use Figure7-eps-converted-to.pdf>
Package pdftex.def Info: Figure7-eps-converted-to.pdf used on input line 455.
(pdftex.def)             Requested size: 170.0319pt x 121.41507pt.
Package epstopdf Info: Source file: <Figure20.eps>
(epstopdf)                    date: 2017-06-09 15:06:15
(epstopdf)                    size: 306067 bytes
(epstopdf)             Output file: <Figure20-eps-converted-to.pdf>
(epstopdf)                    date: 2017-06-09 15:15:52
(epstopdf)                    size: 13792 bytes
(epstopdf)             Command: <repstopdf --outfile=Figure20-eps-converted-to.
pdf Figure20.eps>
(epstopdf)             \includegraphics on input line 460.
Package epstopdf Info: Output file is already uptodate.

<Figure20-eps-converted-to.pdf, id=129, 1811.76875pt x 1293.83376pt>
File: Figure20-eps-converted-to.pdf Graphic file (type pdf)

<use Figure20-eps-converted-to.pdf>
Package pdftex.def Info: Figure20-eps-converted-to.pdf used on input line 460.
(pdftex.def)             Requested size: 170.0319pt x 121.41507pt.
Package epstopdf Info: Source file: <Figure14.eps>
(epstopdf)                    date: 2017-06-09 14:54:02
(epstopdf)                    size: 309114 bytes
(epstopdf)             Output file: <Figure14-eps-converted-to.pdf>
(epstopdf)                    date: 2017-06-09 15:16:34
(epstopdf)                    size: 13955 bytes
(epstopdf)             Command: <repstopdf --outfile=Figure14-eps-converted-to.
pdf Figure14.eps>
(epstopdf)             \includegraphics on input line 467.
Package epstopdf Info: Output file is already uptodate.

<Figure14-eps-converted-to.pdf, id=130, 1811.76875pt x 1293.83376pt>
File: Figure14-eps-converted-to.pdf Graphic file (type pdf)

<use Figure14-eps-converted-to.pdf>
Package pdftex.def Info: Figure14-eps-converted-to.pdf used on input line 467.
(pdftex.def)             Requested size: 170.0319pt x 121.41507pt.
Package epstopdf Info: Source file: <Figure15.eps>
(epstopdf)                    date: 2017-06-09 14:52:10
(epstopdf)                    size: 309768 bytes
(epstopdf)             Output file: <Figure15-eps-converted-to.pdf>
(epstopdf)                    date: 2017-06-09 15:15:53
(epstopdf)                    size: 14287 bytes
(epstopdf)             Command: <repstopdf --outfile=Figure15-eps-converted-to.
pdf Figure15.eps>
(epstopdf)             \includegraphics on input line 472.
Package epstopdf Info: Output file is already uptodate.

<Figure15-eps-converted-to.pdf, id=131, 1811.76875pt x 1293.83376pt>
File: Figure15-eps-converted-to.pdf Graphic file (type pdf)

<use Figure15-eps-converted-to.pdf>
Package pdftex.def Info: Figure15-eps-converted-to.pdf used on input line 472.
(pdftex.def)             Requested size: 170.0319pt x 121.41507pt.
Package epstopdf Info: Source file: <Figure16.eps>
(epstopdf)                    date: 2017-06-09 14:47:07
(epstopdf)                    size: 309713 bytes
(epstopdf)             Output file: <Figure16-eps-converted-to.pdf>
(epstopdf)                    date: 2017-06-09 15:15:54
(epstopdf)                    size: 14113 bytes
(epstopdf)             Command: <repstopdf --outfile=Figure16-eps-converted-to.
pdf Figure16.eps>
(epstopdf)             \includegraphics on input line 478.
Package epstopdf Info: Output file is already uptodate.

<Figure16-eps-converted-to.pdf, id=132, 1811.76875pt x 1293.83376pt>
File: Figure16-eps-converted-to.pdf Graphic file (type pdf)

<use Figure16-eps-converted-to.pdf>
Package pdftex.def Info: Figure16-eps-converted-to.pdf used on input line 478.
(pdftex.def)             Requested size: 170.0319pt x 121.41507pt.
Package epstopdf Info: Source file: <Figure17.eps>
(epstopdf)                    date: 2017-06-09 14:45:32
(epstopdf)                    size: 309366 bytes
(epstopdf)             Output file: <Figure17-eps-converted-to.pdf>
(epstopdf)                    date: 2017-06-09 15:15:55
(epstopdf)                    size: 14102 bytes
(epstopdf)             Command: <repstopdf --outfile=Figure17-eps-converted-to.
pdf Figure17.eps>
(epstopdf)             \includegraphics on input line 483.
Package epstopdf Info: Output file is already uptodate.

<Figure17-eps-converted-to.pdf, id=133, 1811.76875pt x 1293.83376pt>
File: Figure17-eps-converted-to.pdf Graphic file (type pdf)

<use Figure17-eps-converted-to.pdf>
Package pdftex.def Info: Figure17-eps-converted-to.pdf used on input line 483.
(pdftex.def)             Requested size: 170.0319pt x 121.41507pt.
Package epstopdf Info: Source file: <Figure18.eps>
(epstopdf)                    date: 2017-06-09 14:43:46
(epstopdf)                    size: 307923 bytes
(epstopdf)             Output file: <Figure18-eps-converted-to.pdf>
(epstopdf)                    date: 2017-06-09 15:15:56
(epstopdf)                    size: 13447 bytes
(epstopdf)             Command: <repstopdf --outfile=Figure18-eps-converted-to.
pdf Figure18.eps>
(epstopdf)             \includegraphics on input line 502.
Package epstopdf Info: Output file is already uptodate.

<Figure18-eps-converted-to.pdf, id=134, 1811.76875pt x 1293.83376pt>
File: Figure18-eps-converted-to.pdf Graphic file (type pdf)

<use Figure18-eps-converted-to.pdf>
Package pdftex.def Info: Figure18-eps-converted-to.pdf used on input line 502.
(pdftex.def)             Requested size: 170.0319pt x 121.41507pt.
Package epstopdf Info: Source file: <Figure19.eps>
(epstopdf)                    date: 2017-06-09 14:41:48
(epstopdf)                    size: 245747 bytes
(epstopdf)             Output file: <Figure19-eps-converted-to.pdf>
(epstopdf)                    date: 2017-06-09 15:18:26
(epstopdf)                    size: 12722 bytes
(epstopdf)             Command: <repstopdf --outfile=Figure19-eps-converted-to.
pdf Figure19.eps>
(epstopdf)             \includegraphics on input line 507.
Package epstopdf Info: Output file is already uptodate.

<Figure19-eps-converted-to.pdf, id=135, 1811.76875pt x 1293.83376pt>
File: Figure19-eps-converted-to.pdf Graphic file (type pdf)

<use Figure19-eps-converted-to.pdf>
Package pdftex.def Info: Figure19-eps-converted-to.pdf used on input line 507.
(pdftex.def)             Requested size: 170.0319pt x 121.41507pt.
Package epstopdf Info: Source file: <Figure8.eps>
(epstopdf)                    date: 2017-06-09 13:37:47
(epstopdf)                    size: 307409 bytes
(epstopdf)             Output file: <Figure8-eps-converted-to.pdf>
(epstopdf)                    date: 2017-06-09 15:17:43
(epstopdf)                    size: 13383 bytes
(epstopdf)             Command: <repstopdf --outfile=Figure8-eps-converted-to.p
df Figure8.eps>
(epstopdf)             \includegraphics on input line 514.
Package epstopdf Info: Output file is already uptodate.

<Figure8-eps-converted-to.pdf, id=136, 1811.76875pt x 1293.83376pt>
File: Figure8-eps-converted-to.pdf Graphic file (type pdf)

<use Figure8-eps-converted-to.pdf>
Package pdftex.def Info: Figure8-eps-converted-to.pdf used on input line 514.
(pdftex.def)             Requested size: 170.0319pt x 121.41507pt.
Package epstopdf Info: Source file: <Figure9.eps>
(epstopdf)                    date: 2017-06-09 13:40:26
(epstopdf)                    size: 307108 bytes
(epstopdf)             Output file: <Figure9-eps-converted-to.pdf>
(epstopdf)                    date: 2017-06-09 15:17:44
(epstopdf)                    size: 13644 bytes
(epstopdf)             Command: <repstopdf --outfile=Figure9-eps-converted-to.p
df Figure9.eps>
(epstopdf)             \includegraphics on input line 519.
Package epstopdf Info: Output file is already uptodate.

<Figure9-eps-converted-to.pdf, id=137, 1811.76875pt x 1293.83376pt>
File: Figure9-eps-converted-to.pdf Graphic file (type pdf)

<use Figure9-eps-converted-to.pdf>
Package pdftex.def Info: Figure9-eps-converted-to.pdf used on input line 519.
(pdftex.def)             Requested size: 170.0319pt x 121.41507pt.
Package epstopdf Info: Source file: <Figure10.eps>
(epstopdf)                    date: 2017-06-09 13:51:22
(epstopdf)                    size: 313380 bytes
(epstopdf)             Output file: <Figure10-eps-converted-to.pdf>
(epstopdf)                    date: 2017-06-09 15:17:46
(epstopdf)                    size: 13467 bytes
(epstopdf)             Command: <repstopdf --outfile=Figure10-eps-converted-to.
pdf Figure10.eps>
(epstopdf)             \includegraphics on input line 525.
Package epstopdf Info: Output file is already uptodate.

<Figure10-eps-converted-to.pdf, id=138, 1811.76875pt x 1293.83376pt>
File: Figure10-eps-converted-to.pdf Graphic file (type pdf)

<use Figure10-eps-converted-to.pdf>
Package pdftex.def Info: Figure10-eps-converted-to.pdf used on input line 525.
(pdftex.def)             Requested size: 170.0319pt x 121.41507pt.
Package epstopdf Info: Source file: <Figure11.eps>
(epstopdf)                    date: 2017-06-09 13:55:46
(epstopdf)                    size: 313247 bytes
(epstopdf)             Output file: <Figure11-eps-converted-to.pdf>
(epstopdf)                    date: 2017-06-09 15:17:47
(epstopdf)                    size: 13200 bytes
(epstopdf)             Command: <repstopdf --outfile=Figure11-eps-converted-to.
pdf Figure11.eps>
(epstopdf)             \includegraphics on input line 530.
Package epstopdf Info: Output file is already uptodate.

<Figure11-eps-converted-to.pdf, id=139, 1811.76875pt x 1293.83376pt>
File: Figure11-eps-converted-to.pdf Graphic file (type pdf)

<use Figure11-eps-converted-to.pdf>
Package pdftex.def Info: Figure11-eps-converted-to.pdf used on input line 530.
(pdftex.def)             Requested size: 170.0319pt x 121.41507pt.
Package epstopdf Info: Source file: <Figure12.eps>
(epstopdf)                    date: 2017-06-09 14:03:52
(epstopdf)                    size: 311765 bytes
(epstopdf)             Output file: <Figure12-eps-converted-to.pdf>
(epstopdf)                    date: 2017-06-09 15:17:48
(epstopdf)                    size: 13290 bytes
(epstopdf)             Command: <repstopdf --outfile=Figure12-eps-converted-to.
pdf Figure12.eps>
(epstopdf)             \includegraphics on input line 549.
Package epstopdf Info: Output file is already uptodate.

<Figure12-eps-converted-to.pdf, id=140, 1811.76875pt x 1293.83376pt>
File: Figure12-eps-converted-to.pdf Graphic file (type pdf)

<use Figure12-eps-converted-to.pdf>
Package pdftex.def Info: Figure12-eps-converted-to.pdf used on input line 549.
(pdftex.def)             Requested size: 170.0319pt x 121.41507pt.
Package epstopdf Info: Source file: <Figure13.eps>
(epstopdf)                    date: 2017-06-09 14:08:39
(epstopdf)                    size: 312569 bytes
(epstopdf)             Output file: <Figure13-eps-converted-to.pdf>
(epstopdf)                    date: 2017-06-09 15:19:22
(epstopdf)                    size: 13529 bytes
(epstopdf)             Command: <repstopdf --outfile=Figure13-eps-converted-to.
pdf Figure13.eps>
(epstopdf)             \includegraphics on input line 554.
Package epstopdf Info: Output file is already uptodate.

<Figure13-eps-converted-to.pdf, id=141, 1811.76875pt x 1293.83376pt>
File: Figure13-eps-converted-to.pdf Graphic file (type pdf)

<use Figure13-eps-converted-to.pdf>
Package pdftex.def Info: Figure13-eps-converted-to.pdf used on input line 554.
(pdftex.def)             Requested size: 170.0319pt x 121.41507pt.
 [10] [11 <./Figure1-eps-converted-to.pdf> <./Figure2-eps-converted-to.pdf> <./
Figure5-eps-converted-to.pdf> <./Figure4-eps-converted-to.pdf> <./Figure3-eps-c
onverted-to.pdf> <./Figure6-eps-converted-to.pdf>] [12 <./Figure7-eps-converted
-to.pdf> <./Figure20-eps-converted-to.pdf> <./Figure14-eps-converted-to.pdf> <.
/Figure15-eps-converted-to.pdf> <./Figure16-eps-converted-to.pdf> <./Figure17-e
ps-converted-to.pdf>] [13 <./Figure18-eps-converted-to.pdf> <./Figure19-eps-con
verted-to.pdf> <./Figure8-eps-converted-to.pdf> <./Figure9-eps-converted-to.pdf
> <./Figure10-eps-converted-to.pdf> <./Figure11-eps-converted-to.pdf>] [14 <./F
igure12-eps-converted-to.pdf> <./Figure13-eps-converted-to.pdf>]
Missing character: There is no Ã in font cmr8!
Missing character: There is no — in font cmr8!
Missing character: There is no Ã in font cmr8!
Missing character: There is no — in font cmr8!
 [15

] [16] [17]
Overfull \hbox (9.66449pt too wide) in paragraph at lines 774--774
[] 
 []

(./Ae4_Basis.bbl [18])
Package atveryend Info: Empty hook `BeforeClearDocument' on input line 781.
 [19]
Package atveryend Info: Empty hook `AfterLastShipout' on input line 781.
 (./Ae4_Basis.aux)
Package atveryend Info: Executing hook `AtVeryEndDocument' on input line 781.
Package atveryend Info: Executing hook `AtEndAfterFileList' on input line 781.
Package rerunfilecheck Info: File `Ae4_Basis.out' has not changed.
(rerunfilecheck)             Checksum: CC38E9C8C196D7BC6513AD7B821FBDF9;190.


LaTeX Font Warning: Size substitutions with differences
(Font)              up to 1.0pt have occurred.


LaTeX Warning: There were multiply-defined labels.

Package atveryend Info: Empty hook `AtVeryVeryEnd' on input line 781.
 ) 
Here is how much of TeX's memory you used:
 15147 strings out of 493117
 256408 string characters out of 6135433
 356911 words of memory out of 5000000
 18343 multiletter control sequences out of 15000+600000
 14886 words of font info for 53 fonts, out of 8000000 for 9000
 1141 hyphenation exceptions out of 8191
 53i,19n,92p,10347b,526s stack positions out of 5000i,500n,10000p,200000b,80000s
</usr/local/texlive/2014/texmf-dist/fonts/type1/public/amsfonts/cm/cmbsy10.pf
b></usr/local/texlive/2014/texmf-dist/fonts/type1/public/amsfonts/cmextra/cmbsy
9.pfb></usr/local/texlive/2014/texmf-dist/fonts/type1/public/amsfonts/cm/cmbx10
.pfb></usr/local/texlive/2014/texmf-dist/fonts/type1/public/amsfonts/cm/cmbx12.
pfb></usr/local/texlive/2014/texmf-dist/fonts/type1/public/amsfonts/cm/cmbx8.pf
b></usr/local/texlive/2014/texmf-dist/fonts/type1/public/amsfonts/cm/cmbx9.pfb>
</usr/local/texlive/2014/texmf-dist/fonts/type1/public/amsfonts/cmextra/cmex8.p
fb></usr/local/texlive/2014/texmf-dist/fonts/type1/public/amsfonts/cmextra/cmex
9.pfb></usr/local/texlive/2014/texmf-dist/fonts/type1/public/amsfonts/cm/cmmi5.
pfb></usr/local/texlive/2014/texmf-dist/fonts/type1/public/amsfonts/cm/cmmi6.pf
b></usr/local/texlive/2014/texmf-dist/fonts/type1/public/amsfonts/cm/cmmi7.pfb>
</usr/local/texlive/2014/texmf-dist/fonts/type1/public/amsfonts/cm/cmmi8.pfb></
usr/local/texlive/2014/texmf-dist/fonts/type1/public/amsfonts/cm/cmmi9.pfb></us
r/local/texlive/2014/texmf-dist/fonts/type1/public/amsfonts/cm/cmr5.pfb></usr/l
ocal/texlive/2014/texmf-dist/fonts/type1/public/amsfonts/cm/cmr6.pfb></usr/loca
l/texlive/2014/texmf-dist/fonts/type1/public/amsfonts/cm/cmr8.pfb></usr/local/t
exlive/2014/texmf-dist/fonts/type1/public/amsfonts/cm/cmr9.pfb></usr/local/texl
ive/2014/texmf-dist/fonts/type1/public/amsfonts/cm/cmsy6.pfb></usr/local/texliv
e/2014/texmf-dist/fonts/type1/public/amsfonts/cm/cmsy7.pfb></usr/local/texlive/
2014/texmf-dist/fonts/type1/public/amsfonts/cm/cmsy8.pfb></usr/local/texlive/20
14/texmf-dist/fonts/type1/public/amsfonts/cm/cmsy9.pfb>
Output written on Ae4_Basis.pdf (19 pages, 431602 bytes).
PDF statistics:
 690 PDF objects out of 1000 (max. 8388607)
 523 compressed objects within 6 object streams
 72 named destinations out of 1000 (max. 500000)
 133 words of extra memory for PDF output out of 10000 (max. 10000000)

