{
  "solver_success": true,
  "solver_message": "The solution converged.",
  "max_abs_scaled_residual": 1.7541523789077473e-12,
  "capacity_fmol_s": 0.08759125689975021,
  "pump_na_half_mM": 16.506070371642473,
  "constraints": {
    "null_pH": 7.28,
    "null_sustained_flow_deficit": 0.33
  },
  "states": [
    {
      "case": "wt",
      "coordinates": [
        18.940174459654546,
        103.74321135059463,
        7.190126256779136,
        7.0156367539714575,
        1.1149847434545068,
        129.6960414149802,
        20.6562936596233,
        4.99036575460903,
        6.883814609290481,
        0.10522714382587312
      ],
      "state_vector": [
        21.118005560881528,
        115.67209789288944,
        36.30547505177205,
        8.016881079820399,
        22.422866196054084,
        1.1149847434545068,
        13.647544003620515,
        2.173602783830652,
        15.370016041086094,
        0.5251219350039562,
        0.4511307463650748,
        0.10522714382587312,
        1.0
      ],
      "rhs": [
        -6.661338147750939e-16,
        2.4424906541753444e-15,
        1.7763568394002505e-15,
        -7.494005416219807e-16,
        -2.0261570199409107e-15,
        -3.1051550219984847e-16,
        -2.914335439641036e-14,
        -7.140121827120538e-15,
        -3.5083047578154947e-14,
        -9.705777848090236e-16,
        9.506284648352903e-16,
        7.762887554996212e-17,
        0.0
      ],
      "observables": {
        "time_s": 600.0,
        "q_out_pL_s": 0.001045428765174622,
        "na_i_mM": 18.940174459654546,
        "k_i_mM": 103.74321135059463,
        "cl_i_mM": 32.56140970977633,
        "tic_i_mM": 7.190126256779137,
        "hco3_i_mM": 6.408540770583534,
        "ph_i": 7.0156367539714575,
        "volume_i_pL": 1.1149847434545068,
        "osm_lumen_mOsm": 301.4078270149043,
        "v_apical_V": -0.04175408752559634,
        "v_basolateral_V": -0.07891182400555566,
        "v_transepithelial_V": -0.03715773647995932,
        "nbc_activation": 1.0,
        "nbc_cycle_inward_fmol_s": 0.08011942807097852,
        "nbc_current_A": 7.730349626692815e-12,
        "nhe1_multiplier": 2.3,
        "nhe1_inward_fmol_s": 0.007534568848709142,
        "nkcc1_cl_inward_fmol_s": 0.17518251379950042,
        "ae4_cl_inward_fmol_s": 0.08383260487886894,
        "ae2_cl_inward_signed_fmol_s": 0.00010821523293031854,
        "cacc_cl_export_fmol_s": 0.25912333391129777,
        "paracellular_cl_return_fmol_s": 0.10642264940794975,
        "nkcc1_cycle_inward_fmol_s": 0.08759125689975021,
        "nkcc1_activity_multiplier": 1.75,
        "nkcc1_x_i_mM4": 2083291.5878234352,
        "nbc_hco3_inward_fmol_s": 0.16023885614195704,
        "pump_total_cycles_fmol_s": 0.04444298379333468,
        "ae4_na_cell_source_fmol_s": -0.04191630243943447,
        "ae4_k_cell_source_fmol_s": -0.04191630243943447,
        "ae4_na_branch_export_fmol_s": 0.04191630243943447,
        "ae4_k_branch_export_fmol_s": 0.04191630243943447,
        "ae4_tic_cell_source_fmol_s": -0.16766520975773788,
        "ae4_ta_cell_source_fmol_s": -0.16766520975773788,
        "ae2_positive_cl_loading_fmol_s": 0.00010821523293031854
      },
      "failures": [],
      "conservation_ratios": {
        "cell_bulk_charge_rate_fmol_s": 2.0261570199409107e-05,
        "lumen_bulk_charge_rate_minus_outflow_fmol_s": 2.1545265571631944e-05,
        "carbon_accounting_fmol_s": 3.469446951953614e-08,
        "buffer_site_accounting_fmol_s": 0.0,
        "water_volume_accounting_pL_s": 0.0,
        "homeostasis_charge_fmol_s": 1.0408340855860843e-07,
        "ae4_charge_fmol_s": 0.0,
        "apical_current_A": 2.003328046026864e-05,
        "basolateral_current_A": 2.908056841006738e-06,
        "cell_speciation_alkalinity_mM": 0.0,
        "lumen_speciation_alkalinity_mM": 1.7763568394002503e-06
      }
    },
    {
      "case": "ae4_null",
      "coordinates": [
        14.518931110629634,
        110.01476304944595,
        17.80694012955516,
        7.280000000000003,
        1.1164736105614421,
        135.68901729121484,
        14.460203620924874,
        7.423928963977565,
        6.892477571799702,
        0.10350218636333544
      ],
      "state_vector": [
        16.210003438577516,
        122.82857971687645,
        22.634294559612066,
        19.88097873949588,
        38.34252638989706,
        1.1164736105614421,
        14.044109955133163,
        1.4966626900247442,
        14.87879325158594,
        0.7683928791777698,
        0.6619793935719681,
        0.10350218636333544,
        1.0
      ],
      "rhs": [
        -4.440892098500626e-16,
        -4.440892098500626e-16,
        -2.6645352591003757e-15,
        -4.423544863740858e-17,
        -2.7885679876327174e-16,
        -1.7042573949299644e-15,
        -3.1460944960315373e-14,
        -2.7495367094232392e-15,
        -3.1488700535931e-14,
        -2.048708425128609e-15,
        -1.2793585635328952e-15,
        8.218252467440124e-17,
        0.0
      ],
      "observables": {
        "time_s": 600.0,
        "q_out_pL_s": 0.0007004372726670872,
        "na_i_mM": 14.518931110629634,
        "k_i_mM": 110.01476304944595,
        "cl_i_mM": 20.2730224391331,
        "tic_i_mM": 17.80694012955516,
        "hco3_i_mM": 16.68841047540268,
        "ph_i": 7.28,
        "volume_i_pL": 1.1164736105614421,
        "osm_lumen_mOsm": 301.32656972519396,
        "v_apical_V": -0.05348057002456957,
        "v_basolateral_V": -0.07995210913617898,
        "v_transepithelial_V": -0.02647153911160941,
        "nbc_activation": 1.0,
        "nbc_cycle_inward_fmol_s": 0.001037083939897115,
        "nbc_current_A": 1.0006338837729126e-13,
        "nhe1_multiplier": 2.3,
        "nhe1_inward_fmol_s": 0.001062800376842282,
        "nkcc1_cl_inward_fmol_s": 0.17518251379950042,
        "ae4_cl_inward_fmol_s": 0.0,
        "ae2_cl_inward_signed_fmol_s": 0.0031369682566367908,
        "cacc_cl_export_fmol_s": 0.17831948205613904,
        "paracellular_cl_return_fmol_s": 0.07762922872051653,
        "nkcc1_cycle_inward_fmol_s": 0.08759125689975021,
        "nkcc1_activity_multiplier": 1.75,
        "nkcc1_x_i_mM4": 656481.6852094927,
        "nbc_hco3_inward_fmol_s": 0.00207416787979423,
        "pump_total_cycles_fmol_s": 0.029897047072163337,
        "ae4_na_cell_source_fmol_s": 0.0,
        "ae4_k_cell_source_fmol_s": 0.0,
        "ae4_na_branch_export_fmol_s": -0.0,
        "ae4_k_branch_export_fmol_s": -0.0,
        "ae4_tic_cell_source_fmol_s": 0.0,
        "ae4_ta_cell_source_fmol_s": 0.0,
        "ae2_positive_cl_loading_fmol_s": 0.0031369682566367908
      },
      "failures": [
        {
          "gate": "cl_i_mM",
          "value": 20.2730224391331,
          "lower": 30.0,
          "upper": 80.0,
          "inclusive": true
        }
      ],
      "conservation_ratios": {
        "cell_bulk_charge_rate_fmol_s": 2.0552136381635222e-05,
        "lumen_bulk_charge_rate_minus_outflow_fmol_s": 1.4597698050344832e-05,
        "carbon_accounting_fmol_s": 0.0,
        "buffer_site_accounting_fmol_s": 0.0,
        "water_volume_accounting_pL_s": 0.0,
        "homeostasis_charge_fmol_s": 3.5475095083725705e-06,
        "ae4_charge_fmol_s": 0.0,
        "apical_current_A": 1.3894049351476637e-05,
        "basolateral_current_A": 3.877409121342317e-06,
        "cell_speciation_alkalinity_mM": 4.973799150320701e-05,
        "lumen_speciation_alkalinity_mM": 8.881784197001252e-06
      }
    }
  ],
  "root_calls": 1,
  "actual_residual_calls": 346,
  "solver_options": {
    "xtol": 1e-10,
    "maxfev": 2500,
    "factor": 0.1,
    "eps": 1e-08
  },
  "production_trajectories_run": 0,
  "wall_seconds": 0.6421684330016433
}
