{
  "solver_success": false,
  "solver_message": "The iteration is not making good progress, as measured by the \n improvement from the last five Jacobian evaluations.",
  "max_abs_scaled_residual": 0.06701980771055904,
  "capacity_fmol_s": 0.027499476757686332,
  "pump_na_half_mM": 23.485718187138943,
  "cacc_conductance_factor": 0.008873943656516298,
  "constraints": {
    "null_pH": 7.28,
    "null_Cl_i_mM": 40.0,
    "null_sustained_flow_deficit": 0.33
  },
  "states": [
    {
      "case": "wt",
      "coordinates": [
        14.309964445222933,
        117.8091823295218,
        8.943724520468033,
        7.065757995405174,
        1.677853249886353,
        142.57900551308222,
        7.613641563994357,
        12.814328047235273,
        7.245616841204352,
        0.10143425391723676
      ],
      "state_vector": [
        24.01002035017546,
        197.66651943804206,
        113.93156401123738,
        15.006257252755553,
        29.683213571035274,
        1.677853249886353,
        14.462395048481081,
        0.7722840516370313,
        14.02046378878412,
        1.2998118049220313,
        1.2142153113339909,
        0.10143425391723676,
        1.0
      ],
      "rhs": [
        7.87815682905535e-05,
        -0.00020424612741838655,
        7.460105554862092e-06,
        6.066209589150606e-06,
        -0.00013292466468262099,
        3.302588237608095e-15,
        -0.00020847021749946515,
        5.553803332651423e-06,
        -0.0002842583389665032,
        2.1992944951514798e-05,
        8.134192479945356e-05,
        -3.9020436187753305e-16,
        0.0
      ],
      "observables": {
        "time_s": 600.0,
        "q_out_pL_s": 0.00028685078344735105,
        "na_i_mM": 14.309964445222933,
        "k_i_mM": 117.8091823295218,
        "cl_i_mM": 67.90317569129147,
        "tic_i_mM": 8.943724520468033,
        "hco3_i_mM": 8.06622569244511,
        "ph_i": 7.065757995405175,
        "volume_i_pL": 1.677853249886353,
        "osm_lumen_mOsm": 301.2291559688995,
        "v_apical_V": -0.07301223657082262,
        "v_basolateral_V": -0.08461991237647486,
        "v_transepithelial_V": -0.011607675805652237,
        "nbc_activation": 1.0,
        "nbc_cycle_inward_fmol_s": 0.06660667822408316,
        "nbc_current_A": 6.4265674698606355e-12,
        "nhe1_multiplier": 2.3,
        "nhe1_inward_fmol_s": 0.006057177082786236,
        "nkcc1_cl_inward_fmol_s": 0.006636358388636911,
        "ae4_cl_inward_fmol_s": 0.07026870698240724,
        "ae2_cl_inward_signed_fmol_s": -0.0011339557691793052,
        "cacc_cl_export_fmol_s": 0.07576364949630998,
        "paracellular_cl_return_fmol_s": 0.03639876697020508,
        "nkcc1_cycle_inward_fmol_s": 0.0033181791943184555,
        "nkcc1_activity_multiplier": 1.75,
        "nkcc1_x_i_mM4": 7773164.66945424,
        "nbc_hco3_inward_fmol_s": 0.13321335644816631,
        "pump_total_cycles_fmol_s": 0.013589633147231224,
        "ae4_na_cell_source_fmol_s": -0.03513435349120362,
        "ae4_k_cell_source_fmol_s": -0.03513435349120362,
        "ae4_na_branch_export_fmol_s": 0.03513435349120362,
        "ae4_k_branch_export_fmol_s": 0.03513435349120362,
        "ae4_tic_cell_source_fmol_s": -0.14053741396481448,
        "ae4_ta_cell_source_fmol_s": -0.14053741396481448,
        "ae2_positive_cl_loading_fmol_s": 0.0
      },
      "failures": [],
      "conservation_ratios": {
        "cell_bulk_charge_rate_fmol_s": 7.41594285980085e-07,
        "lumen_bulk_charge_rate_minus_outflow_fmol_s": 2.3592239273284576e-06,
        "carbon_accounting_fmol_s": 6.071532165918825e-08,
        "buffer_site_accounting_fmol_s": 0.0,
        "water_volume_accounting_pL_s": 0.0,
        "homeostasis_charge_fmol_s": 0.0,
        "ae4_charge_fmol_s": 0.0,
        "apical_current_A": 2.261821987449685e-06,
        "basolateral_current_A": 1.7771458472818954e-06,
        "cell_speciation_alkalinity_mM": 1.0658141036401503e-05,
        "lumen_speciation_alkalinity_mM": 2.8421709430404004e-05
      }
    },
    {
      "case": "ae4_null",
      "coordinates": [
        12.547354907792911,
        116.17016633720935,
        18.116792630944996,
        7.2830645798071325,
        1.3350201201922687,
        142.9560462769619,
        7.1158019159550765,
        14.816325233738333,
        7.204614969425452,
        0.10105707354628995
      ],
      "state_vector": [
        16.750971257096744,
        155.08950942625708,
        51.33579791993044,
        24.186282675662596,
        42.442920557478544,
        1.3350201201922687,
        14.446719682497768,
        0.7191021175615031,
        13.776425140882324,
        1.4972944688316463,
        1.3893966591769484,
        0.10105707354628995,
        1.0
      ],
      "rhs": [
        -0.00019667130072997807,
        0.00013037834454332486,
        -9.687609080488713e-06,
        2.2477732662253588e-05,
        -5.660534710640714e-05,
        1.922453082142672e-15,
        0.0003430109772798312,
        8.928536275759364e-05,
        0.0002463405904161442,
        0.000315819966478394,
        0.00018595574962142853,
        -1.1346175735060804e-16,
        0.0
      ],
      "observables": {
        "time_s": 600.0,
        "q_out_pL_s": 0.0002114147092579899,
        "na_i_mM": 12.547354907792911,
        "k_i_mM": 116.17016633720935,
        "cl_i_mM": 38.453201673497695,
        "tic_i_mM": 18.116792630944996,
        "hco3_i_mM": 16.986087781677096,
        "ph_i": 7.28306457980715,
        "volume_i_pL": 1.3350201201922687,
        "osm_lumen_mOsm": 301.2113881947134,
        "v_apical_V": -0.07447569558075443,
        "v_basolateral_V": -0.08319271711326796,
        "v_transepithelial_V": -0.008717021532513539,
        "nbc_activation": 1.0,
        "nbc_cycle_inward_fmol_s": 0.0004199865092912598,
        "nbc_current_A": 4.052253783488667e-14,
        "nhe1_multiplier": 2.3,
        "nhe1_inward_fmol_s": 0.0011127455545298633,
        "nkcc1_cl_inward_fmol_s": 0.054998953515372664,
        "ae4_cl_inward_fmol_s": 0.0,
        "ae2_cl_inward_signed_fmol_s": 0.00200932392021879,
        "cacc_cl_export_fmol_s": 0.057017965044671985,
        "paracellular_cl_return_fmol_s": 0.027950891638952334,
        "nkcc1_cycle_inward_fmol_s": 0.027499476757686332,
        "nkcc1_activity_multiplier": 1.75,
        "nkcc1_x_i_mM4": 2155320.2284413585,
        "nbc_hco3_inward_fmol_s": 0.0008399730185825196,
        "pump_total_cycles_fmol_s": 0.009742960040745804,
        "ae4_na_cell_source_fmol_s": 0.0,
        "ae4_k_cell_source_fmol_s": 0.0,
        "ae4_na_branch_export_fmol_s": -0.0,
        "ae4_k_branch_export_fmol_s": -0.0,
        "ae4_tic_cell_source_fmol_s": 0.0,
        "ae4_ta_cell_source_fmol_s": 0.0,
        "ae2_positive_cl_loading_fmol_s": 0.00200932392021879
      },
      "failures": [],
      "conservation_ratios": {
        "cell_bulk_charge_rate_fmol_s": 2.426444462022559e-06,
        "lumen_bulk_charge_rate_minus_outflow_fmol_s": 1.448494102440634e-06,
        "carbon_accounting_fmol_s": 1.0842021724855044e-09,
        "buffer_site_accounting_fmol_s": 0.0,
        "water_volume_accounting_pL_s": 0.0,
        "homeostasis_charge_fmol_s": 2.190088388420719e-07,
        "ae4_charge_fmol_s": 0.0,
        "apical_current_A": 1.454028420503369e-06,
        "basolateral_current_A": 2.100263274060422e-06,
        "cell_speciation_alkalinity_mM": 0.00025224267119483557,
        "lumen_speciation_alkalinity_mM": 3.5527136788005005e-06
      }
    }
  ],
  "root_calls": 1,
  "actual_residual_calls": 1330,
  "solver_options": {
    "xtol": 1e-10,
    "maxfev": 2500,
    "factor": 0.1,
    "eps": 1e-08
  },
  "production_trajectories_run": 0,
  "wall_seconds": 2.2854571850002685
}
