{
  "attempts": [
    {
      "attempt": 1,
      "global_attempt": 2,
      "initial_state_sha256": "a0b96ef16e5967de4dfe2bdabb882f2a28d478e211f920bc19cd735a5a143acb",
      "last_solver_time_s": 600.0,
      "nfev": 2336,
      "njev": 2,
      "nlu": 594,
      "solver": {
        "amount_atol_fmol": 1e-10,
        "label": "production_radau",
        "max_step_s": 2.0,
        "method": "Radau",
        "regulatory_atol_fraction": 1e-10,
        "rtol": 1e-07,
        "volume_atol_pL": 1e-12
      },
      "solver_status": "finished",
      "stopped_by_scientific_gate": false,
      "wall_seconds": 1.5872924409995903
    }
  ],
  "budget": {
    "blas_threads": 1,
    "calibration_calls": 0,
    "completed_cases": [
      "wt",
      "ae4_5pct"
    ],
    "focused_test_runs": 2,
    "genotype_specific_rest_solves": 0,
    "implementation_correction_rounds": 1,
    "integration_attempts": 2,
    "limits_respected": true,
    "maximum_numerical_execution_seconds": 900,
    "no_further_scientific_execution": false,
    "numerical_execution_seconds": 5.092638098998577,
    "numerical_retries": 0,
    "optimisation_calls": 0,
    "parameter_sweeps": 0,
    "scientific_workers": 1,
    "source_tests_pass": true,
    "started_cases": [
      "wt",
      "ae4_5pct"
    ],
    "stationary_numerical_retries": 0,
    "stationary_residual_evaluations": 98,
    "stationary_solves": 1,
    "status": "AE4_5PCT_PASS",
    "wt_rest_pass": true
  },
  "case": "ae4_5pct",
  "chloride_partition": {
    "definition": "Integrate max(J_Cl,0) for NKCC1, AE4 and AE2 separately, then normalize their sum.",
    "nkcc1_context_band": [
      0.65,
      0.75
    ],
    "nkcc1_within_context": false,
    "positive_loading_pool_fmol": 194.26872329139064,
    "positive_shares": {
      "ae2": 0.0022396661748523674,
      "ae4": 0.022142937845025367,
      "nkcc1": 0.9756173959801222
    },
    "validation_only": true,
    "window_s": [
      60,
      600
    ]
  },
  "error": null,
  "first_failure": null,
  "secretion": {
    "activation_checks": {
      "cumulative_0_600_gt_1p10_rest": true,
      "endpoint_at_least_rest": true,
      "mean_60_600_gt_1p10_rest": true
    },
    "activation_required": false,
    "cumulative_0_600_pL": 0.9586042475091506,
    "endpoint_pL_s": 0.0015635565632603323,
    "mean_60_600_pL_s": 0.0015763763662351086,
    "q_rest_pL_s": 0.0010776814707374822,
    "quadrature": "Trapezoidal on integer seconds plus t=0 and 1e-6; identical to Tasks 37-38."
  },
  "status": "PASS"
}
