{
  "attempts": [
    {
      "attempt": 1,
      "global_attempt": 3,
      "initial_state_sha256": "d94a5a160f3da74a7ffdec17cee844919fa5f7d3b770bccf9d43777c1e6373bd",
      "last_solver_time_s": 577.752874225345,
      "nfev": 2252,
      "njev": 2,
      "nlu": 574,
      "solver": {
        "amount_atol_fmol": 1e-10,
        "label": "production_radau",
        "max_step_s": 2.0,
        "method": "Radau",
        "regulatory_atol_fraction": 1e-10,
        "rtol": 1e-07,
        "volume_atol_pL": 1e-12
      },
      "solver_status": "running",
      "stopped_by_scientific_gate": true
    }
  ],
  "budget": {
    "algebraic_design_residual_calls": 48568,
    "algebraic_design_solver_calls": 7,
    "algebraic_least_squares_solver_calls": 2,
    "blas_threads": 1,
    "completed_cases": [
      "wt",
      "ae4_5pct"
    ],
    "genotype_specific_rest_solves": 0,
    "integration_attempts": 3,
    "limits_respected": true,
    "no_further_scientific_execution": true,
    "numerical_execution_seconds": 44.19970487700812,
    "numerical_retries": 0,
    "parameter_selection_uses_target": true,
    "scientific_workers": 1,
    "selected_production_parameters": {
      "cycle_capacity_fmol_s": 0.11825332823371645
    },
    "source_tests_pass": true,
    "started_cases": [
      "wt",
      "ae4_5pct",
      "ae4_null"
    ],
    "stationary_solves": 1,
    "status": "TASK41_CAPACITY_AE4_NULL_FAILED",
    "unselected_algebraic_candidates_simulated": 0,
    "wt_rest_pass": true
  },
  "case": "ae4_null",
  "chloride_partition": null,
  "error": null,
  "first_failure": {
    "conservation_residuals": {
      "ae4_charge_fmol_s": 0.0,
      "apical_current_A": -2.0356397887047165e-25,
      "basolateral_current_A": 1.454028420503369e-25,
      "buffer_site_accounting_fmol_s": 0.0,
      "carbon_accounting_fmol_s": 8.673617379884035e-19,
      "cell_bulk_charge_rate_fmol_s": 7.615436059538183e-16,
      "cell_speciation_alkalinity_mM": 8.526512829121202e-14,
      "homeostasis_charge_fmol_s": 4.206704429243757e-17,
      "lumen_bulk_charge_rate_minus_outflow_fmol_s": -2.0816681711721685e-15,
      "lumen_speciation_alkalinity_mM": -8.881784197001252e-16,
      "minimal_nbc_carbon_source_fmol_s": 0.006423505052675917,
      "minimal_nbc_charge_source_fmol_s": -0.0032117525263379585,
      "water_volume_accounting_pL_s": 0.0
    },
    "failed_gates": [
      {
        "gate": "cl_i_mM",
        "inclusive": true,
        "lower": 30.0,
        "upper": 80.0,
        "value": 29.997677798125974
      }
    ],
    "observables": {
      "ae2_cl_inward_signed_fmol_s": 0.002677714397940264,
      "ae2_positive_cl_loading_fmol_s": 0.002677714397940264,
      "ae4_cl_inward_fmol_s": 0.0,
      "ae4_k_branch_export_fmol_s": -0.0,
      "ae4_k_cell_source_fmol_s": 0.0,
      "ae4_na_branch_export_fmol_s": -0.0,
      "ae4_na_cell_source_fmol_s": 0.0,
      "ae4_ta_cell_source_fmol_s": 0.0,
      "ae4_tic_cell_source_fmol_s": 0.0,
      "cacc_cl_export_fmol_s": 0.2549911774859947,
      "cl_i_mM": 29.997677798125974,
      "hco3_i_mM": 18.692098654788985,
      "k_i_mM": 116.06049436572638,
      "na_i_mM": 10.965256802616803,
      "nbc_activation": 1.0,
      "nbc_current_A": 3.09887009190967e-13,
      "nbc_cycle_inward_fmol_s": 0.0032117525263379585,
      "nbc_hco3_inward_fmol_s": 0.006423505052675917,
      "nhe1_inward_fmol_s": 0.001345722725002706,
      "nhe1_multiplier": 2.3,
      "nkcc1_activity_multiplier": 1.75,
      "nkcc1_capacity_constraint_active": 1.0,
      "nkcc1_cl_inward_fmol_s": 0.2365066564674329,
      "nkcc1_cycle_inward_fmol_s": 0.11825332823371645,
      "nkcc1_finite_capacity_fmol_s": 0.11825332823371645,
      "nkcc1_unrestricted_demand_fmol_s": 1.5589879506411741,
      "nkcc1_x_i_mM4": 1145192.5010240749,
      "osm_lumen_mOsm": 301.4031709840303,
      "paracellular_cl_return_fmol_s": 0.10463874529055671,
      "ph_i": 7.267966078544138,
      "pump_total_cycles_fmol_s": 0.04200271326200749,
      "q_out_pL_s": 0.0010335922739043908,
      "tic_i_mM": 19.97913492721966,
      "time_s": 577.752874225345,
      "v_apical_V": -0.043867644087714326,
      "v_basolateral_V": -0.08038899519014268,
      "v_transepithelial_V": -0.03652135110242836,
      "volume_i_pL": 1.2458052195280003
    },
    "previous_checked_pass_time_s": 577.0,
    "rhs": [
      -0.0031973363009654143,
      -0.007517956939917303,
      -0.01580680662062184,
      0.0010369257700510812,
      0.0050915133797383594,
      -8.462252205818695e-05,
      0.0005045743622612842,
      -0.0006947848545817044,
      -0.00032535855110857326,
      9.278663847686261e-05,
      0.00013514805878918866,
      -1.38239731512055e-06,
      1.4422788519041774e-10
    ],
    "sample_kind": "accepted_solver_endpoint",
    "state_vector": [
      13.660574158164925,
      144.588769661822,
      37.37126357462455,
      24.89011057398443,
      42.81631803942653,
      1.2458052195280003,
      13.5434451026974,
      2.2448626327221315,
      15.33145755493868,
      0.5781917523417027,
      0.45685018048095755,
      0.10516796136952196,
      0.9999999956731634
    ],
    "time_s": 577.752874225345
  },
  "secretion": null,
  "status": "TASK41_CAPACITY_AE4_NULL_FAILED"
}
