{
  "cases": [
    {
      "case": "wt",
      "ae4_expression": 1.0,
      "cacc_stimulated_fraction": 1.0,
      "cumulative_0_600_pL": 0.992524544081835,
      "ratio_to_WT": 1.0,
      "deficit_percent": 0.0,
      "absolute_deficit_pL": 0.0,
      "endpoint_flow_pL_s": 0.0016021248621457846,
      "endpoint_deficit_percent": 0.0,
      "mean_60_600_pL_s": 0.0016366136311001798,
      "mean_flow_relative_to_own_WT_rest": 1.5186431942457055,
      "NKCC1_compensation_percent": 0.0,
      "AE2_positive_loading_share_percent": 0.0,
      "Na_i_difference_at_600_mM": 0.0,
      "Na_i_difference_max_on_saved_grid_mM": 0.0,
      "Na_i_higher_than_WT_on_saved_grid": false,
      "Cl_i_difference_at_600_mM": 0.0,
      "peak_cumulative_deficit_percent": 0.0,
      "peak_cumulative_deficit_time_s": 1e-06,
      "within_20_35_percent": null
    },
    {
      "case": "ae4_5pct",
      "ae4_expression": 0.05,
      "cacc_stimulated_fraction": 0.14986279201124025,
      "cumulative_0_600_pL": 0.7626224586023684,
      "ratio_to_WT": 0.7683663473610676,
      "deficit_percent": 23.163365263893244,
      "absolute_deficit_pL": 0.22990208547946656,
      "endpoint_flow_pL_s": 0.0012799547316181825,
      "endpoint_deficit_percent": 20.108927720908575,
      "mean_60_600_pL_s": 0.0012689023213828946,
      "mean_flow_relative_to_own_WT_rest": 1.1774372630853118,
      "NKCC1_compensation_percent": 5.682303231427088,
      "AE2_positive_loading_share_percent": 0.21090318487499296,
      "Na_i_difference_at_600_mM": -3.230851887982759,
      "Na_i_difference_max_on_saved_grid_mM": 0.0,
      "Na_i_higher_than_WT_on_saved_grid": false,
      "Cl_i_difference_at_600_mM": 3.610467537983567,
      "peak_cumulative_deficit_percent": 34.52933644821684,
      "peak_cumulative_deficit_time_s": 14.0,
      "within_20_35_percent": true
    },
    {
      "case": "ae4_null",
      "ae4_expression": 0.0,
      "cacc_stimulated_fraction": 0.10511872843288446,
      "cumulative_0_600_pL": 0.6921751966127494,
      "ratio_to_WT": 0.6973884935541489,
      "deficit_percent": 30.26115064458511,
      "absolute_deficit_pL": 0.3003493474690856,
      "endpoint_flow_pL_s": 0.0011689420473021683,
      "endpoint_deficit_percent": 27.038018389118477,
      "mean_60_600_pL_s": 0.0011550233596022649,
      "mean_flow_relative_to_own_WT_rest": 1.071766928322388,
      "NKCC1_compensation_percent": 2.79462157721011,
      "AE2_positive_loading_share_percent": 0.24967602029063035,
      "Na_i_difference_at_600_mM": -4.013732229730948,
      "Na_i_difference_max_on_saved_grid_mM": 0.0,
      "Na_i_higher_than_WT_on_saved_grid": false,
      "Cl_i_difference_at_600_mM": 5.153942030284938,
      "peak_cumulative_deficit_percent": 43.66195714847182,
      "peak_cumulative_deficit_time_s": 15.0,
      "within_20_35_percent": true
    }
  ],
  "endpoint": {
    "wt": {
      "time_s": 600.0,
      "q_out_pL_s": 0.0016021248621457846,
      "na_i_mM": 17.554236213411517,
      "k_i_mM": 110.9250542345229,
      "cl_i_mM": 53.97991919827271,
      "tic_i_mM": 8.352764494160434,
      "hco3_i_mM": 7.5025551896128375,
      "ph_i": 7.047833031619992,
      "volume_i_pL": 1.401540836586623,
      "osm_lumen_mOsm": 301.53817078733607,
      "v_apical_V": -0.029289166665918243,
      "v_basolateral_V": -0.07920378267824116,
      "v_transepithelial_V": -0.049914616012322915,
      "nbc_activation": 1.0,
      "nbc_cycle_inward_fmol_s": 0.07191799601693231,
      "nbc_current_A": 6.939031731098551e-12,
      "nhe1_multiplier": 2.3,
      "nhe1_inward_fmol_s": 0.006244972301728541,
      "nkcc1_cl_inward_fmol_s": 0.29673032672038263,
      "ae4_cl_inward_fmol_s": 0.07554994903431497,
      "ae2_cl_inward_signed_fmol_s": -0.0007556159661807351,
      "cacc_cl_export_fmol_s": 0.37685567448424856,
      "paracellular_cl_return_fmol_s": 0.14025425031214264,
      "nkcc1_cycle_inward_fmol_s": 0.14836516336019132,
      "nkcc1_activity_multiplier": 1.75,
      "nkcc1_x_i_mM4": 5673826.456111232,
      "nbc_hco3_inward_fmol_s": 0.14383599203386463,
      "pump_total_cycles_fmol_s": 0.0623515259415455,
      "ae4_na_cell_source_fmol_s": -0.037774974517157486,
      "ae4_k_cell_source_fmol_s": -0.037774974517157486,
      "ae4_na_branch_export_fmol_s": 0.037774974517157486,
      "ae4_k_branch_export_fmol_s": 0.037774974517157486,
      "ae4_tic_cell_source_fmol_s": -0.15109989806862995,
      "ae4_ta_cell_source_fmol_s": -0.15109989806862995,
      "ae2_positive_cl_loading_fmol_s": 0.0,
      "cacc_recruitment_factor": 1.0,
      "effective_cacc_conductance_S": 3.14e-08,
      "cumulative_outflow_0_t_pL": 0.992524544081835
    },
    "ae4_5pct": {
      "time_s": 600.0,
      "q_out_pL_s": 0.0012799547316181825,
      "na_i_mM": 14.323384325428759,
      "k_i_mM": 117.8981255857837,
      "cl_i_mM": 57.59038673625628,
      "tic_i_mM": 16.438127382619673,
      "hco3_i_mM": 15.25635963297505,
      "ph_i": 7.215559455115095,
      "volume_i_pL": 1.629494635492381,
      "osm_lumen_mOsm": 301.4651167468895,
      "v_apical_V": -0.03800309172836578,
      "v_basolateral_V": -0.0804480792466141,
      "v_transepithelial_V": -0.042444987518248316,
      "nbc_activation": 1.0,
      "nbc_cycle_inward_fmol_s": 0.011095005997015779,
      "nbc_current_A": 1.0705053384954593e-12,
      "nhe1_multiplier": 2.3,
      "nhe1_inward_fmol_s": 0.0018520760299905726,
      "nkcc1_cl_inward_fmol_s": 0.3102704230793142,
      "ae4_cl_inward_fmol_s": 0.0082031498612126,
      "ae2_cl_inward_signed_fmol_s": 0.0008429494166459201,
      "cacc_cl_export_fmol_s": 0.30825159875653035,
      "paracellular_cl_return_fmol_s": 0.120421362246906,
      "nkcc1_cycle_inward_fmol_s": 0.1551352115396571,
      "nkcc1_activity_multiplier": 1.75,
      "nkcc1_x_i_mM4": 5600831.864625218,
      "nbc_hco3_inward_fmol_s": 0.022190011994031558,
      "pump_total_cycles_fmol_s": 0.05511520789014065,
      "ae4_na_cell_source_fmol_s": -0.0041015749306063,
      "ae4_k_cell_source_fmol_s": -0.0041015749306063,
      "ae4_na_branch_export_fmol_s": 0.0041015749306063,
      "ae4_k_branch_export_fmol_s": 0.0041015749306063,
      "ae4_tic_cell_source_fmol_s": -0.0164062997224252,
      "ae4_ta_cell_source_fmol_s": -0.0164062997224252,
      "ae2_positive_cl_loading_fmol_s": 0.0008429494166459201,
      "cacc_recruitment_factor": 0.14986279201124025,
      "effective_cacc_conductance_S": 4.705691669152945e-09,
      "cumulative_outflow_0_t_pL": 0.7626224586023684
    },
    "ae4_null": {
      "time_s": 600.0,
      "q_out_pL_s": 0.0011689420473021683,
      "na_i_mM": 13.54050398368057,
      "k_i_mM": 119.41653116904929,
      "cl_i_mM": 59.13386122855765,
      "tic_i_mM": 17.655345038584954,
      "hco3_i_mM": 16.438582655144376,
      "ph_i": 7.235748788420921,
      "volume_i_pL": 1.6918139922313937,
      "osm_lumen_mOsm": 301.4400672870383,
      "v_apical_V": -0.0413079845881031,
      "v_basolateral_V": -0.08097314791889072,
      "v_transepithelial_V": -0.03966516333078762,
      "nbc_activation": 1.0,
      "nbc_cycle_inward_fmol_s": 0.004606127753878678,
      "nbc_current_A": 4.444237661201339e-13,
      "nhe1_multiplier": 2.3,
      "nhe1_inward_fmol_s": 0.0016067025498751122,
      "nkcc1_cl_inward_fmol_s": 0.3003391423067346,
      "ae4_cl_inward_fmol_s": 0.0,
      "ae2_cl_inward_signed_fmol_s": 0.000959496194776683,
      "cacc_cl_export_fmol_s": 0.2841074602438941,
      "paracellular_cl_return_fmol_s": 0.11302632641126514,
      "nkcc1_cycle_inward_fmol_s": 0.1501695711533673,
      "nkcc1_activity_multiplier": 1.75,
      "nkcc1_x_i_mM4": 5654207.683770495,
      "nbc_hco3_inward_fmol_s": 0.009212255507757356,
      "pump_total_cycles_fmol_s": 0.052656387793496864,
      "ae4_na_cell_source_fmol_s": 0.0,
      "ae4_k_cell_source_fmol_s": 0.0,
      "ae4_na_branch_export_fmol_s": -0.0,
      "ae4_k_branch_export_fmol_s": -0.0,
      "ae4_tic_cell_source_fmol_s": 0.0,
      "ae4_ta_cell_source_fmol_s": 0.0,
      "ae2_positive_cl_loading_fmol_s": 0.000959496194776683,
      "cacc_recruitment_factor": 0.10511872843288446,
      "effective_cacc_conductance_S": 3.3007280727925724e-09,
      "cumulative_outflow_0_t_pL": 0.6921751966127501
    }
  },
  "cell_balance": [
    {
      "case": "wt",
      "initial_Cl_i_amount_fmol": 88.0318019635695,
      "final_Cl_i_amount_fmol": 75.65506111202545,
      "delta_Cl_i_amount_fmol": -12.376740851544056,
      "integrated_net_Cl_i_source_fmol": -12.379821707653754,
      "one_second_quadrature_difference_fmol": -0.0030808561096975495,
      "Na_i_amount_initial_fmol": 16.720358732745492,
      "Na_i_amount_final_fmol": 24.602978908183974
    },
    {
      "case": "ae4_5pct",
      "initial_Cl_i_amount_fmol": 88.0318019635695,
      "final_Cl_i_amount_fmol": 93.84322624266117,
      "delta_Cl_i_amount_fmol": 5.811424279091668,
      "integrated_net_Cl_i_source_fmol": 5.812424791903125,
      "one_second_quadrature_difference_fmol": 0.0010005128114576323,
      "Na_i_amount_initial_fmol": 16.720358732745492,
      "Na_i_amount_final_fmol": 23.339877920381817
    },
    {
      "case": "ae4_null",
      "initial_Cl_i_amount_fmol": 88.0318019635695,
      "final_Cl_i_amount_fmol": 100.04349384114334,
      "delta_Cl_i_amount_fmol": 12.011691877573838,
      "integrated_net_Cl_i_source_fmol": 12.013151997486357,
      "one_second_quadrature_difference_fmol": 0.0014601199125188202,
      "Na_i_amount_initial_fmol": 16.720358732745492,
      "Na_i_amount_final_fmol": 22.908014101455713
    }
  ]
}
