{
  "attempts": [
    {
      "attempt": 1,
      "global_attempt": 1,
      "initial_state_sha256": "d94a5a160f3da74a7ffdec17cee844919fa5f7d3b770bccf9d43777c1e6373bd",
      "last_solver_time_s": 600.0,
      "nfev": 2336,
      "njev": 2,
      "nlu": 598,
      "solver": {
        "amount_atol_fmol": 1e-10,
        "label": "production_radau",
        "max_step_s": 2.0,
        "method": "Radau",
        "regulatory_atol_fraction": 1e-10,
        "rtol": 1e-07,
        "volume_atol_pL": 1e-12
      },
      "solver_status": "finished",
      "stopped_by_scientific_gate": false,
      "wall_seconds": 1.5496387130006042
    }
  ],
  "budget": {
    "algebraic_design_residual_calls": 48568,
    "algebraic_design_solver_calls": 7,
    "algebraic_least_squares_solver_calls": 2,
    "blas_threads": 1,
    "completed_cases": [
      "wt"
    ],
    "genotype_specific_rest_solves": 0,
    "integration_attempts": 1,
    "limits_respected": true,
    "no_further_scientific_execution": false,
    "numerical_execution_seconds": 40.53198872700705,
    "numerical_retries": 0,
    "parameter_selection_uses_target": true,
    "scientific_workers": 1,
    "selected_production_parameters": {
      "cycle_capacity_fmol_s": 0.11825332823371645
    },
    "source_tests_pass": true,
    "started_cases": [
      "wt"
    ],
    "stationary_solves": 1,
    "status": "WT_PASS",
    "unselected_algebraic_candidates_simulated": 0,
    "wt_rest_pass": true
  },
  "case": "wt",
  "chloride_partition": {
    "definition": "Integrate max(J_Cl,0) for NKCC1, AE4 and AE2 separately, then normalize their sum.",
    "nkcc1_context_band": [
      0.65,
      0.75
    ],
    "nkcc1_within_context": true,
    "positive_loading_pool_fmol": 172.59927573840224,
    "positive_shares": {
      "ae2": 0.0,
      "ae4": 0.26005718189697874,
      "nkcc1": 0.7399428181030213
    },
    "validation_only": true,
    "window_s": [
      60,
      600
    ]
  },
  "error": null,
  "first_failure": null,
  "secretion": {
    "activation_checks": {
      "cumulative_0_600_gt_1p10_rest": true,
      "endpoint_at_least_rest": true,
      "mean_60_600_gt_1p10_rest": true
    },
    "activation_required": true,
    "cumulative_0_600_pL": 0.8593082916123111,
    "endpoint_pL_s": 0.001366409976515537,
    "mean_60_600_pL_s": 0.0014152343219649363,
    "q_rest_pL_s": 0.000986443658562211,
    "quadrature": "Trapezoidal on integer seconds plus t=0 and 1e-6; identical to Tasks 37-38."
  },
  "status": "PASS"
}
